[0.151s] DEBUG:colcon:Command line arguments: ['/usr/bin/colcon', 'build']
[0.155s] DEBUG:colcon:Parsed command line arguments: Namespace(log_base=None, log_level=None, verb_name='build', build_base='build', install_base='install', merge_install=False, symlink_install=False, test_result_base=None, continue_on_error=False, executor='parallel', parallel_workers=8, event_handlers=None, ignore_user_meta=False, metas=['./colcon.meta'], base_paths=['.'], packages_ignore=None, packages_ignore_regex=None, paths=None, packages_up_to=None, packages_up_to_regex=None, packages_above=None, packages_above_and_dependencies=None, packages_above_depth=None, packages_select_by_dep=None, packages_skip_by_dep=None, packages_skip_up_to=None, packages_select_build_failed=False, packages_skip_build_finished=False, packages_select_test_failures=False, packages_skip_test_passed=False, packages_select=None, packages_skip=None, packages_select_regex=None, packages_skip_regex=None, packages_start=None, packages_end=None, allow_overriding=[], cmake_args=None, cmake_target=None, cmake_target_skip_unavailable=False, cmake_clean_cache=False, cmake_clean_first=False, cmake_force_configure=False, ament_cmake_args=None, catkin_cmake_args=None, catkin_skip_building_tests=False, verb_parser=<colcon_defaults.argument_parser.defaults.DefaultArgumentsDecorator object at 0x793241818ac0>, verb_extension=<colcon_core.verb.build.BuildVerb object at 0x7932419c98a0>, main=<bound method BuildVerb.main of <colcon_core.verb.build.BuildVerb object at 0x7932419c98a0>>)
[0.381s] Level 1:colcon.colcon_core.package_discovery:discover_packages(colcon_meta) check parameters
[0.382s] Level 1:colcon.colcon_core.package_discovery:discover_packages(recursive) check parameters
[0.382s] Level 1:colcon.colcon_core.package_discovery:discover_packages(ignore) check parameters
[0.382s] Level 1:colcon.colcon_core.package_discovery:discover_packages(path) check parameters
[0.382s] Level 1:colcon.colcon_core.package_discovery:discover_packages(colcon_meta) discover
[0.382s] Level 1:colcon.colcon_core.package_discovery:discover_packages(recursive) discover
[0.382s] INFO:colcon.colcon_core.package_discovery:Crawling recursively for packages in '/home/nrc/Manual_Control_F3'
[0.382s] Level 1:colcon.colcon_core.package_identification:_identify(.) by extensions ['ignore', 'ignore_ament_install']
[0.382s] Level 1:colcon.colcon_core.package_identification:_identify(.) by extension 'ignore'
[0.382s] Level 1:colcon.colcon_core.package_identification:_identify(.) by extension 'ignore_ament_install'
[0.382s] Level 1:colcon.colcon_core.package_identification:_identify(.) by extensions ['colcon_pkg']
[0.382s] Level 1:colcon.colcon_core.package_identification:_identify(.) by extension 'colcon_pkg'
[0.382s] Level 1:colcon.colcon_core.package_identification:_identify(.) by extensions ['colcon_meta']
[0.382s] Level 1:colcon.colcon_core.package_identification:_identify(.) by extension 'colcon_meta'
[0.382s] Level 1:colcon.colcon_core.package_identification:_identify(.) by extensions ['ros']
[0.382s] Level 1:colcon.colcon_core.package_identification:_identify(.) by extension 'ros'
[0.393s] Level 1:colcon.colcon_core.package_identification:_identify(.) by extensions ['cmake', 'python']
[0.393s] Level 1:colcon.colcon_core.package_identification:_identify(.) by extension 'cmake'
[0.393s] Level 1:colcon.colcon_core.package_identification:_identify(.) by extension 'python'
[0.393s] Level 1:colcon.colcon_core.package_identification:_identify(.) by extensions ['python_setup_py']
[0.394s] Level 1:colcon.colcon_core.package_identification:_identify(.) by extension 'python_setup_py'
[0.394s] Level 1:colcon.colcon_core.package_identification:_identify(__pycache__) by extensions ['ignore', 'ignore_ament_install']
[0.394s] Level 1:colcon.colcon_core.package_identification:_identify(__pycache__) by extension 'ignore'
[0.394s] Level 1:colcon.colcon_core.package_identification:_identify(__pycache__) by extension 'ignore_ament_install'
[0.394s] Level 1:colcon.colcon_core.package_identification:_identify(__pycache__) by extensions ['colcon_pkg']
[0.394s] Level 1:colcon.colcon_core.package_identification:_identify(__pycache__) by extension 'colcon_pkg'
[0.394s] Level 1:colcon.colcon_core.package_identification:_identify(__pycache__) by extensions ['colcon_meta']
[0.394s] Level 1:colcon.colcon_core.package_identification:_identify(__pycache__) by extension 'colcon_meta'
[0.394s] Level 1:colcon.colcon_core.package_identification:_identify(__pycache__) by extensions ['ros']
[0.394s] Level 1:colcon.colcon_core.package_identification:_identify(__pycache__) by extension 'ros'
[0.394s] Level 1:colcon.colcon_core.package_identification:_identify(__pycache__) by extensions ['cmake', 'python']
[0.394s] Level 1:colcon.colcon_core.package_identification:_identify(__pycache__) by extension 'cmake'
[0.394s] Level 1:colcon.colcon_core.package_identification:_identify(__pycache__) by extension 'python'
[0.394s] Level 1:colcon.colcon_core.package_identification:_identify(__pycache__) by extensions ['python_setup_py']
[0.394s] Level 1:colcon.colcon_core.package_identification:_identify(__pycache__) by extension 'python_setup_py'
[0.394s] Level 1:colcon.colcon_core.package_identification:_identify(build) by extensions ['ignore', 'ignore_ament_install']
[0.394s] Level 1:colcon.colcon_core.package_identification:_identify(build) by extension 'ignore'
[0.394s] Level 1:colcon.colcon_core.package_identification:_identify(build) ignored
[0.395s] Level 1:colcon.colcon_core.package_identification:_identify(install) by extensions ['ignore', 'ignore_ament_install']
[0.395s] Level 1:colcon.colcon_core.package_identification:_identify(install) by extension 'ignore'
[0.395s] Level 1:colcon.colcon_core.package_identification:_identify(install) ignored
[0.395s] Level 1:colcon.colcon_core.package_identification:_identify(log) by extensions ['ignore', 'ignore_ament_install']
[0.395s] Level 1:colcon.colcon_core.package_identification:_identify(log) by extension 'ignore'
[0.395s] Level 1:colcon.colcon_core.package_identification:_identify(log) ignored
[0.395s] Level 1:colcon.colcon_core.package_identification:_identify(src) by extensions ['ignore', 'ignore_ament_install']
[0.395s] Level 1:colcon.colcon_core.package_identification:_identify(src) by extension 'ignore'
[0.395s] Level 1:colcon.colcon_core.package_identification:_identify(src) by extension 'ignore_ament_install'
[0.395s] Level 1:colcon.colcon_core.package_identification:_identify(src) by extensions ['colcon_pkg']
[0.395s] Level 1:colcon.colcon_core.package_identification:_identify(src) by extension 'colcon_pkg'
[0.395s] Level 1:colcon.colcon_core.package_identification:_identify(src) by extensions ['colcon_meta']
[0.395s] Level 1:colcon.colcon_core.package_identification:_identify(src) by extension 'colcon_meta'
[0.395s] Level 1:colcon.colcon_core.package_identification:_identify(src) by extensions ['ros']
[0.395s] Level 1:colcon.colcon_core.package_identification:_identify(src) by extension 'ros'
[0.395s] Level 1:colcon.colcon_core.package_identification:_identify(src) by extensions ['cmake', 'python']
[0.395s] Level 1:colcon.colcon_core.package_identification:_identify(src) by extension 'cmake'
[0.395s] Level 1:colcon.colcon_core.package_identification:_identify(src) by extension 'python'
[0.395s] Level 1:colcon.colcon_core.package_identification:_identify(src) by extensions ['python_setup_py']
[0.395s] Level 1:colcon.colcon_core.package_identification:_identify(src) by extension 'python_setup_py'
[0.395s] Level 1:colcon.colcon_core.package_identification:_identify(src/pallet_rack_detector_cpp) by extensions ['ignore', 'ignore_ament_install']
[0.395s] Level 1:colcon.colcon_core.package_identification:_identify(src/pallet_rack_detector_cpp) by extension 'ignore'
[0.395s] Level 1:colcon.colcon_core.package_identification:_identify(src/pallet_rack_detector_cpp) by extension 'ignore_ament_install'
[0.395s] Level 1:colcon.colcon_core.package_identification:_identify(src/pallet_rack_detector_cpp) by extensions ['colcon_pkg']
[0.395s] Level 1:colcon.colcon_core.package_identification:_identify(src/pallet_rack_detector_cpp) by extension 'colcon_pkg'
[0.396s] Level 1:colcon.colcon_core.package_identification:_identify(src/pallet_rack_detector_cpp) by extensions ['colcon_meta']
[0.396s] Level 1:colcon.colcon_core.package_identification:_identify(src/pallet_rack_detector_cpp) by extension 'colcon_meta'
[0.396s] Level 1:colcon.colcon_core.package_identification:_identify(src/pallet_rack_detector_cpp) by extensions ['ros']
[0.396s] Level 1:colcon.colcon_core.package_identification:_identify(src/pallet_rack_detector_cpp) by extension 'ros'
[0.398s] DEBUG:colcon.colcon_core.package_identification:Package 'src/pallet_rack_detector_cpp' with type 'ros.ament_cmake' and name 'pallet_rack_detector_cpp'
[0.399s] Level 1:colcon.colcon_core.package_identification:_identify(src/sick_safetyscanners2) by extensions ['ignore', 'ignore_ament_install']
[0.399s] Level 1:colcon.colcon_core.package_identification:_identify(src/sick_safetyscanners2) by extension 'ignore'
[0.399s] Level 1:colcon.colcon_core.package_identification:_identify(src/sick_safetyscanners2) by extension 'ignore_ament_install'
[0.399s] Level 1:colcon.colcon_core.package_identification:_identify(src/sick_safetyscanners2) by extensions ['colcon_pkg']
[0.399s] Level 1:colcon.colcon_core.package_identification:_identify(src/sick_safetyscanners2) by extension 'colcon_pkg'
[0.399s] Level 1:colcon.colcon_core.package_identification:_identify(src/sick_safetyscanners2) by extensions ['colcon_meta']
[0.399s] Level 1:colcon.colcon_core.package_identification:_identify(src/sick_safetyscanners2) by extension 'colcon_meta'
[0.399s] Level 1:colcon.colcon_core.package_identification:_identify(src/sick_safetyscanners2) by extensions ['ros']
[0.399s] Level 1:colcon.colcon_core.package_identification:_identify(src/sick_safetyscanners2) by extension 'ros'
[0.400s] DEBUG:colcon.colcon_core.package_identification:Package 'src/sick_safetyscanners2' with type 'ros.ament_cmake' and name 'sick_safetyscanners2'
[0.400s] Level 1:colcon.colcon_core.package_identification:_identify(src/sick_safetyscanners2_interfaces) by extensions ['ignore', 'ignore_ament_install']
[0.400s] Level 1:colcon.colcon_core.package_identification:_identify(src/sick_safetyscanners2_interfaces) by extension 'ignore'
[0.400s] Level 1:colcon.colcon_core.package_identification:_identify(src/sick_safetyscanners2_interfaces) by extension 'ignore_ament_install'
[0.400s] Level 1:colcon.colcon_core.package_identification:_identify(src/sick_safetyscanners2_interfaces) by extensions ['colcon_pkg']
[0.400s] Level 1:colcon.colcon_core.package_identification:_identify(src/sick_safetyscanners2_interfaces) by extension 'colcon_pkg'
[0.400s] Level 1:colcon.colcon_core.package_identification:_identify(src/sick_safetyscanners2_interfaces) by extensions ['colcon_meta']
[0.400s] Level 1:colcon.colcon_core.package_identification:_identify(src/sick_safetyscanners2_interfaces) by extension 'colcon_meta'
[0.400s] Level 1:colcon.colcon_core.package_identification:_identify(src/sick_safetyscanners2_interfaces) by extensions ['ros']
[0.400s] Level 1:colcon.colcon_core.package_identification:_identify(src/sick_safetyscanners2_interfaces) by extension 'ros'
[0.401s] DEBUG:colcon.colcon_core.package_identification:Package 'src/sick_safetyscanners2_interfaces' with type 'ros.ament_cmake' and name 'sick_safetyscanners2_interfaces'
[0.401s] Level 1:colcon.colcon_core.package_discovery:discover_packages(recursive) using defaults
[0.401s] Level 1:colcon.colcon_core.package_discovery:discover_packages(ignore) discover
[0.401s] Level 1:colcon.colcon_core.package_discovery:discover_packages(ignore) using defaults
[0.401s] Level 1:colcon.colcon_core.package_discovery:discover_packages(path) discover
[0.401s] Level 1:colcon.colcon_core.package_discovery:discover_packages(path) using defaults
[0.433s] Level 1:colcon.colcon_core.package_discovery:discover_packages(prefix_path) check parameters
[0.433s] Level 1:colcon.colcon_core.package_discovery:discover_packages(prefix_path) discover
[0.435s] DEBUG:colcon.colcon_installed_package_information.package_discovery:Found 287 installed packages in /opt/ros/humble
[0.436s] Level 1:colcon.colcon_core.package_discovery:discover_packages(prefix_path) using defaults
[0.464s] Level 5:colcon.colcon_core.verb:set package 'pallet_rack_detector_cpp' build argument 'cmake_args' from command line to 'None'
[0.464s] Level 5:colcon.colcon_core.verb:set package 'pallet_rack_detector_cpp' build argument 'cmake_target' from command line to 'None'
[0.464s] Level 5:colcon.colcon_core.verb:set package 'pallet_rack_detector_cpp' build argument 'cmake_target_skip_unavailable' from command line to 'False'
[0.464s] Level 5:colcon.colcon_core.verb:set package 'pallet_rack_detector_cpp' build argument 'cmake_clean_cache' from command line to 'False'
[0.464s] Level 5:colcon.colcon_core.verb:set package 'pallet_rack_detector_cpp' build argument 'cmake_clean_first' from command line to 'False'
[0.464s] Level 5:colcon.colcon_core.verb:set package 'pallet_rack_detector_cpp' build argument 'cmake_force_configure' from command line to 'False'
[0.464s] Level 5:colcon.colcon_core.verb:set package 'pallet_rack_detector_cpp' build argument 'ament_cmake_args' from command line to 'None'
[0.464s] Level 5:colcon.colcon_core.verb:set package 'pallet_rack_detector_cpp' build argument 'catkin_cmake_args' from command line to 'None'
[0.464s] Level 5:colcon.colcon_core.verb:set package 'pallet_rack_detector_cpp' build argument 'catkin_skip_building_tests' from command line to 'False'
[0.464s] DEBUG:colcon.colcon_core.verb:Building package 'pallet_rack_detector_cpp' with the following arguments: {'ament_cmake_args': None, 'build_base': '/home/nrc/Manual_Control_F3/build/pallet_rack_detector_cpp', 'catkin_cmake_args': None, 'catkin_skip_building_tests': False, 'cmake_args': None, 'cmake_clean_cache': False, 'cmake_clean_first': False, 'cmake_force_configure': False, 'cmake_target': None, 'cmake_target_skip_unavailable': False, 'install_base': '/home/nrc/Manual_Control_F3/install/pallet_rack_detector_cpp', 'merge_install': False, 'path': '/home/nrc/Manual_Control_F3/src/pallet_rack_detector_cpp', 'symlink_install': False, 'test_result_base': None}
[0.464s] Level 5:colcon.colcon_core.verb:set package 'sick_safetyscanners2_interfaces' build argument 'cmake_args' from command line to 'None'
[0.464s] Level 5:colcon.colcon_core.verb:set package 'sick_safetyscanners2_interfaces' build argument 'cmake_target' from command line to 'None'
[0.464s] Level 5:colcon.colcon_core.verb:set package 'sick_safetyscanners2_interfaces' build argument 'cmake_target_skip_unavailable' from command line to 'False'
[0.464s] Level 5:colcon.colcon_core.verb:set package 'sick_safetyscanners2_interfaces' build argument 'cmake_clean_cache' from command line to 'False'
[0.464s] Level 5:colcon.colcon_core.verb:set package 'sick_safetyscanners2_interfaces' build argument 'cmake_clean_first' from command line to 'False'
[0.464s] Level 5:colcon.colcon_core.verb:set package 'sick_safetyscanners2_interfaces' build argument 'cmake_force_configure' from command line to 'False'
[0.464s] Level 5:colcon.colcon_core.verb:set package 'sick_safetyscanners2_interfaces' build argument 'ament_cmake_args' from command line to 'None'
[0.464s] Level 5:colcon.colcon_core.verb:set package 'sick_safetyscanners2_interfaces' build argument 'catkin_cmake_args' from command line to 'None'
[0.464s] Level 5:colcon.colcon_core.verb:set package 'sick_safetyscanners2_interfaces' build argument 'catkin_skip_building_tests' from command line to 'False'
[0.464s] DEBUG:colcon.colcon_core.verb:Building package 'sick_safetyscanners2_interfaces' with the following arguments: {'ament_cmake_args': None, 'build_base': '/home/nrc/Manual_Control_F3/build/sick_safetyscanners2_interfaces', 'catkin_cmake_args': None, 'catkin_skip_building_tests': False, 'cmake_args': None, 'cmake_clean_cache': False, 'cmake_clean_first': False, 'cmake_force_configure': False, 'cmake_target': None, 'cmake_target_skip_unavailable': False, 'install_base': '/home/nrc/Manual_Control_F3/install/sick_safetyscanners2_interfaces', 'merge_install': False, 'path': '/home/nrc/Manual_Control_F3/src/sick_safetyscanners2_interfaces', 'symlink_install': False, 'test_result_base': None}
[0.465s] Level 5:colcon.colcon_core.verb:set package 'sick_safetyscanners2' build argument 'cmake_args' from command line to 'None'
[0.465s] Level 5:colcon.colcon_core.verb:set package 'sick_safetyscanners2' build argument 'cmake_target' from command line to 'None'
[0.465s] Level 5:colcon.colcon_core.verb:set package 'sick_safetyscanners2' build argument 'cmake_target_skip_unavailable' from command line to 'False'
[0.465s] Level 5:colcon.colcon_core.verb:set package 'sick_safetyscanners2' build argument 'cmake_clean_cache' from command line to 'False'
[0.465s] Level 5:colcon.colcon_core.verb:set package 'sick_safetyscanners2' build argument 'cmake_clean_first' from command line to 'False'
[0.465s] Level 5:colcon.colcon_core.verb:set package 'sick_safetyscanners2' build argument 'cmake_force_configure' from command line to 'False'
[0.465s] Level 5:colcon.colcon_core.verb:set package 'sick_safetyscanners2' build argument 'ament_cmake_args' from command line to 'None'
[0.465s] Level 5:colcon.colcon_core.verb:set package 'sick_safetyscanners2' build argument 'catkin_cmake_args' from command line to 'None'
[0.465s] Level 5:colcon.colcon_core.verb:set package 'sick_safetyscanners2' build argument 'catkin_skip_building_tests' from command line to 'False'
[0.465s] DEBUG:colcon.colcon_core.verb:Building package 'sick_safetyscanners2' with the following arguments: {'ament_cmake_args': None, 'build_base': '/home/nrc/Manual_Control_F3/build/sick_safetyscanners2', 'catkin_cmake_args': None, 'catkin_skip_building_tests': False, 'cmake_args': None, 'cmake_clean_cache': False, 'cmake_clean_first': False, 'cmake_force_configure': False, 'cmake_target': None, 'cmake_target_skip_unavailable': False, 'install_base': '/home/nrc/Manual_Control_F3/install/sick_safetyscanners2', 'merge_install': False, 'path': '/home/nrc/Manual_Control_F3/src/sick_safetyscanners2', 'symlink_install': False, 'test_result_base': None}
[0.465s] INFO:colcon.colcon_core.executor:Executing jobs using 'parallel' executor
[0.466s] DEBUG:colcon.colcon_parallel_executor.executor.parallel:run_until_complete
[0.466s] INFO:colcon.colcon_ros.task.ament_cmake.build:Building ROS package in '/home/nrc/Manual_Control_F3/src/sick_safetyscanners2_interfaces' with build type 'ament_cmake'
[0.466s] INFO:colcon.colcon_cmake.task.cmake.build:Building CMake package in '/home/nrc/Manual_Control_F3/src/sick_safetyscanners2_interfaces'
[0.468s] INFO:colcon.colcon_core.plugin_system:Skipping extension 'colcon_core.shell.bat': Not used on non-Windows systems
[0.469s] INFO:colcon.colcon_core.shell:Skip shell extension 'powershell' for command environment: Not usable outside of PowerShell
[0.469s] DEBUG:colcon.colcon_core.shell:Skip shell extension 'dsv' for command environment
[0.471s] INFO:colcon.colcon_ros.task.ament_cmake.build:Building ROS package in '/home/nrc/Manual_Control_F3/src/pallet_rack_detector_cpp' with build type 'ament_cmake'
[0.471s] INFO:colcon.colcon_cmake.task.cmake.build:Building CMake package in '/home/nrc/Manual_Control_F3/src/pallet_rack_detector_cpp'
[0.472s] INFO:colcon.colcon_core.shell:Skip shell extension 'powershell' for command environment: Not usable outside of PowerShell
[0.472s] DEBUG:colcon.colcon_core.shell:Skip shell extension 'dsv' for command environment
[0.476s] DEBUG:colcon.colcon_core.event_handler.log_command:Invoking command in '/home/nrc/Manual_Control_F3/build/sick_safetyscanners2_interfaces': CMAKE_PREFIX_PATH=/opt/ros/humble /usr/bin/cmake /home/nrc/Manual_Control_F3/src/sick_safetyscanners2_interfaces -DCMAKE_INSTALL_PREFIX=/home/nrc/Manual_Control_F3/install/sick_safetyscanners2_interfaces
[0.484s] DEBUG:colcon.colcon_core.event_handler.log_command:Invoking command in '/home/nrc/Manual_Control_F3/build/pallet_rack_detector_cpp': CMAKE_PREFIX_PATH=/opt/ros/humble /usr/bin/cmake /home/nrc/Manual_Control_F3/src/pallet_rack_detector_cpp -DCMAKE_INSTALL_PREFIX=/home/nrc/Manual_Control_F3/install/pallet_rack_detector_cpp
[1.660s] DEBUG:colcon.colcon_core.event_handler.log_command:Invoked command in '/home/nrc/Manual_Control_F3/build/pallet_rack_detector_cpp' returned '0': CMAKE_PREFIX_PATH=/opt/ros/humble /usr/bin/cmake /home/nrc/Manual_Control_F3/src/pallet_rack_detector_cpp -DCMAKE_INSTALL_PREFIX=/home/nrc/Manual_Control_F3/install/pallet_rack_detector_cpp
[1.662s] DEBUG:colcon.colcon_core.event_handler.log_command:Invoking command in '/home/nrc/Manual_Control_F3/build/pallet_rack_detector_cpp': CMAKE_PREFIX_PATH=/opt/ros/humble /usr/bin/cmake --build /home/nrc/Manual_Control_F3/build/pallet_rack_detector_cpp -- -j8 -l8
[2.594s] DEBUG:colcon.colcon_core.event_handler.log_command:Invoked command in '/home/nrc/Manual_Control_F3/build/sick_safetyscanners2_interfaces' returned '0': CMAKE_PREFIX_PATH=/opt/ros/humble /usr/bin/cmake /home/nrc/Manual_Control_F3/src/sick_safetyscanners2_interfaces -DCMAKE_INSTALL_PREFIX=/home/nrc/Manual_Control_F3/install/sick_safetyscanners2_interfaces
[2.594s] DEBUG:colcon.colcon_core.event_handler.log_command:Invoking command in '/home/nrc/Manual_Control_F3/build/sick_safetyscanners2_interfaces': CMAKE_PREFIX_PATH=/opt/ros/humble /usr/bin/cmake --build /home/nrc/Manual_Control_F3/build/sick_safetyscanners2_interfaces -- -j8 -l8
[14.566s] DEBUG:colcon.colcon_core.event_handler.log_command:Invoked command in '/home/nrc/Manual_Control_F3/build/pallet_rack_detector_cpp' returned '0': CMAKE_PREFIX_PATH=/opt/ros/humble /usr/bin/cmake --build /home/nrc/Manual_Control_F3/build/pallet_rack_detector_cpp -- -j8 -l8
[14.574s] DEBUG:colcon.colcon_core.event_handler.log_command:Invoking command in '/home/nrc/Manual_Control_F3/build/pallet_rack_detector_cpp': CMAKE_PREFIX_PATH=/opt/ros/humble /usr/bin/cmake --install /home/nrc/Manual_Control_F3/build/pallet_rack_detector_cpp
[14.586s] Level 1:colcon.colcon_core.environment:create_environment_scripts_only(pallet_rack_detector_cpp)
[14.587s] DEBUG:colcon.colcon_core.event_handler.log_command:Invoked command in '/home/nrc/Manual_Control_F3/build/pallet_rack_detector_cpp' returned '0': CMAKE_PREFIX_PATH=/opt/ros/humble /usr/bin/cmake --install /home/nrc/Manual_Control_F3/build/pallet_rack_detector_cpp
[14.590s] Level 1:colcon.colcon_core.environment:checking '/home/nrc/Manual_Control_F3/install/pallet_rack_detector_cpp' for CMake module files
[14.590s] Level 1:colcon.colcon_core.environment:checking '/home/nrc/Manual_Control_F3/install/pallet_rack_detector_cpp' for CMake config files
[14.591s] Level 1:colcon.colcon_core.shell:create_environment_hook('pallet_rack_detector_cpp', 'cmake_prefix_path')
[14.591s] INFO:colcon.colcon_core.shell:Creating environment hook '/home/nrc/Manual_Control_F3/install/pallet_rack_detector_cpp/share/pallet_rack_detector_cpp/hook/cmake_prefix_path.ps1'
[14.592s] INFO:colcon.colcon_core.shell:Creating environment descriptor '/home/nrc/Manual_Control_F3/install/pallet_rack_detector_cpp/share/pallet_rack_detector_cpp/hook/cmake_prefix_path.dsv'
[14.592s] INFO:colcon.colcon_core.shell:Creating environment hook '/home/nrc/Manual_Control_F3/install/pallet_rack_detector_cpp/share/pallet_rack_detector_cpp/hook/cmake_prefix_path.sh'
[14.594s] Level 1:colcon.colcon_core.environment:checking '/home/nrc/Manual_Control_F3/install/pallet_rack_detector_cpp/lib'
[14.594s] Level 1:colcon.colcon_core.environment:checking '/home/nrc/Manual_Control_F3/install/pallet_rack_detector_cpp/bin'
[14.594s] Level 1:colcon.colcon_core.environment:checking '/home/nrc/Manual_Control_F3/install/pallet_rack_detector_cpp/lib/pkgconfig/pallet_rack_detector_cpp.pc'
[14.594s] Level 1:colcon.colcon_core.environment:checking '/home/nrc/Manual_Control_F3/install/pallet_rack_detector_cpp/lib/python3.10/site-packages'
[14.594s] Level 1:colcon.colcon_core.environment:checking '/home/nrc/Manual_Control_F3/install/pallet_rack_detector_cpp/bin'
[14.595s] INFO:colcon.colcon_core.shell:Creating package script '/home/nrc/Manual_Control_F3/install/pallet_rack_detector_cpp/share/pallet_rack_detector_cpp/package.ps1'
[14.596s] INFO:colcon.colcon_core.shell:Creating package descriptor '/home/nrc/Manual_Control_F3/install/pallet_rack_detector_cpp/share/pallet_rack_detector_cpp/package.dsv'
[14.596s] INFO:colcon.colcon_core.shell:Creating package script '/home/nrc/Manual_Control_F3/install/pallet_rack_detector_cpp/share/pallet_rack_detector_cpp/package.sh'
[14.598s] INFO:colcon.colcon_core.shell:Creating package script '/home/nrc/Manual_Control_F3/install/pallet_rack_detector_cpp/share/pallet_rack_detector_cpp/package.bash'
[14.600s] INFO:colcon.colcon_core.shell:Creating package script '/home/nrc/Manual_Control_F3/install/pallet_rack_detector_cpp/share/pallet_rack_detector_cpp/package.zsh'
[14.601s] Level 1:colcon.colcon_core.environment:create_file_with_runtime_dependencies(/home/nrc/Manual_Control_F3/install/pallet_rack_detector_cpp/share/colcon-core/packages/pallet_rack_detector_cpp)
[14.602s] Level 1:colcon.colcon_core.environment:create_environment_scripts_only(pallet_rack_detector_cpp)
[14.603s] Level 1:colcon.colcon_core.environment:checking '/home/nrc/Manual_Control_F3/install/pallet_rack_detector_cpp' for CMake module files
[14.603s] Level 1:colcon.colcon_core.environment:checking '/home/nrc/Manual_Control_F3/install/pallet_rack_detector_cpp' for CMake config files
[14.603s] Level 1:colcon.colcon_core.shell:create_environment_hook('pallet_rack_detector_cpp', 'cmake_prefix_path')
[14.604s] INFO:colcon.colcon_core.shell:Creating environment hook '/home/nrc/Manual_Control_F3/install/pallet_rack_detector_cpp/share/pallet_rack_detector_cpp/hook/cmake_prefix_path.ps1'
[14.604s] INFO:colcon.colcon_core.shell:Creating environment descriptor '/home/nrc/Manual_Control_F3/install/pallet_rack_detector_cpp/share/pallet_rack_detector_cpp/hook/cmake_prefix_path.dsv'
[14.604s] INFO:colcon.colcon_core.shell:Creating environment hook '/home/nrc/Manual_Control_F3/install/pallet_rack_detector_cpp/share/pallet_rack_detector_cpp/hook/cmake_prefix_path.sh'
[14.605s] Level 1:colcon.colcon_core.environment:checking '/home/nrc/Manual_Control_F3/install/pallet_rack_detector_cpp/lib'
[14.605s] Level 1:colcon.colcon_core.environment:checking '/home/nrc/Manual_Control_F3/install/pallet_rack_detector_cpp/bin'
[14.605s] Level 1:colcon.colcon_core.environment:checking '/home/nrc/Manual_Control_F3/install/pallet_rack_detector_cpp/lib/pkgconfig/pallet_rack_detector_cpp.pc'
[14.605s] Level 1:colcon.colcon_core.environment:checking '/home/nrc/Manual_Control_F3/install/pallet_rack_detector_cpp/lib/python3.10/site-packages'
[14.606s] Level 1:colcon.colcon_core.environment:checking '/home/nrc/Manual_Control_F3/install/pallet_rack_detector_cpp/bin'
[14.606s] INFO:colcon.colcon_core.shell:Creating package script '/home/nrc/Manual_Control_F3/install/pallet_rack_detector_cpp/share/pallet_rack_detector_cpp/package.ps1'
[14.607s] INFO:colcon.colcon_core.shell:Creating package descriptor '/home/nrc/Manual_Control_F3/install/pallet_rack_detector_cpp/share/pallet_rack_detector_cpp/package.dsv'
[14.607s] INFO:colcon.colcon_core.shell:Creating package script '/home/nrc/Manual_Control_F3/install/pallet_rack_detector_cpp/share/pallet_rack_detector_cpp/package.sh'
[14.608s] INFO:colcon.colcon_core.shell:Creating package script '/home/nrc/Manual_Control_F3/install/pallet_rack_detector_cpp/share/pallet_rack_detector_cpp/package.bash'
[14.608s] INFO:colcon.colcon_core.shell:Creating package script '/home/nrc/Manual_Control_F3/install/pallet_rack_detector_cpp/share/pallet_rack_detector_cpp/package.zsh'
[14.609s] Level 1:colcon.colcon_core.environment:create_file_with_runtime_dependencies(/home/nrc/Manual_Control_F3/install/pallet_rack_detector_cpp/share/colcon-core/packages/pallet_rack_detector_cpp)
[14.837s] DEBUG:colcon.colcon_core.event_handler.log_command:Invoked command in '/home/nrc/Manual_Control_F3/build/sick_safetyscanners2_interfaces' returned '0': CMAKE_PREFIX_PATH=/opt/ros/humble /usr/bin/cmake --build /home/nrc/Manual_Control_F3/build/sick_safetyscanners2_interfaces -- -j8 -l8
[14.839s] DEBUG:colcon.colcon_core.event_handler.log_command:Invoking command in '/home/nrc/Manual_Control_F3/build/sick_safetyscanners2_interfaces': CMAKE_PREFIX_PATH=/opt/ros/humble /usr/bin/cmake --install /home/nrc/Manual_Control_F3/build/sick_safetyscanners2_interfaces
[14.936s] Level 1:colcon.colcon_core.environment:create_environment_scripts_only(sick_safetyscanners2_interfaces)
[14.937s] Level 1:colcon.colcon_core.environment:checking '/home/nrc/Manual_Control_F3/install/sick_safetyscanners2_interfaces' for CMake module files
[14.937s] DEBUG:colcon.colcon_core.event_handler.log_command:Invoked command in '/home/nrc/Manual_Control_F3/build/sick_safetyscanners2_interfaces' returned '0': CMAKE_PREFIX_PATH=/opt/ros/humble /usr/bin/cmake --install /home/nrc/Manual_Control_F3/build/sick_safetyscanners2_interfaces
[14.937s] Level 1:colcon.colcon_core.environment:checking '/home/nrc/Manual_Control_F3/install/sick_safetyscanners2_interfaces' for CMake config files
[14.937s] Level 1:colcon.colcon_core.shell:create_environment_hook('sick_safetyscanners2_interfaces', 'cmake_prefix_path')
[14.938s] INFO:colcon.colcon_core.shell:Creating environment hook '/home/nrc/Manual_Control_F3/install/sick_safetyscanners2_interfaces/share/sick_safetyscanners2_interfaces/hook/cmake_prefix_path.ps1'
[14.938s] INFO:colcon.colcon_core.shell:Creating environment descriptor '/home/nrc/Manual_Control_F3/install/sick_safetyscanners2_interfaces/share/sick_safetyscanners2_interfaces/hook/cmake_prefix_path.dsv'
[14.938s] INFO:colcon.colcon_core.shell:Creating environment hook '/home/nrc/Manual_Control_F3/install/sick_safetyscanners2_interfaces/share/sick_safetyscanners2_interfaces/hook/cmake_prefix_path.sh'
[14.939s] Level 1:colcon.colcon_core.environment:checking '/home/nrc/Manual_Control_F3/install/sick_safetyscanners2_interfaces/lib'
[14.939s] Level 1:colcon.colcon_core.shell:create_environment_hook('sick_safetyscanners2_interfaces', 'ld_library_path_lib')
[14.939s] INFO:colcon.colcon_core.shell:Creating environment hook '/home/nrc/Manual_Control_F3/install/sick_safetyscanners2_interfaces/share/sick_safetyscanners2_interfaces/hook/ld_library_path_lib.ps1'
[14.939s] INFO:colcon.colcon_core.shell:Creating environment descriptor '/home/nrc/Manual_Control_F3/install/sick_safetyscanners2_interfaces/share/sick_safetyscanners2_interfaces/hook/ld_library_path_lib.dsv'
[14.939s] INFO:colcon.colcon_core.shell:Creating environment hook '/home/nrc/Manual_Control_F3/install/sick_safetyscanners2_interfaces/share/sick_safetyscanners2_interfaces/hook/ld_library_path_lib.sh'
[14.939s] Level 1:colcon.colcon_core.environment:checking '/home/nrc/Manual_Control_F3/install/sick_safetyscanners2_interfaces/bin'
[14.939s] Level 1:colcon.colcon_core.environment:checking '/home/nrc/Manual_Control_F3/install/sick_safetyscanners2_interfaces/lib/pkgconfig/sick_safetyscanners2_interfaces.pc'
[14.940s] Level 1:colcon.colcon_core.environment:checking '/home/nrc/Manual_Control_F3/install/sick_safetyscanners2_interfaces/lib/python3.10/site-packages'
[14.940s] Level 1:colcon.colcon_core.environment:checking '/home/nrc/Manual_Control_F3/install/sick_safetyscanners2_interfaces/bin'
[14.940s] INFO:colcon.colcon_core.shell:Creating package script '/home/nrc/Manual_Control_F3/install/sick_safetyscanners2_interfaces/share/sick_safetyscanners2_interfaces/package.ps1'
[14.940s] INFO:colcon.colcon_core.shell:Creating package descriptor '/home/nrc/Manual_Control_F3/install/sick_safetyscanners2_interfaces/share/sick_safetyscanners2_interfaces/package.dsv'
[14.941s] INFO:colcon.colcon_core.shell:Creating package script '/home/nrc/Manual_Control_F3/install/sick_safetyscanners2_interfaces/share/sick_safetyscanners2_interfaces/package.sh'
[14.941s] INFO:colcon.colcon_core.shell:Creating package script '/home/nrc/Manual_Control_F3/install/sick_safetyscanners2_interfaces/share/sick_safetyscanners2_interfaces/package.bash'
[14.941s] INFO:colcon.colcon_core.shell:Creating package script '/home/nrc/Manual_Control_F3/install/sick_safetyscanners2_interfaces/share/sick_safetyscanners2_interfaces/package.zsh'
[14.941s] Level 1:colcon.colcon_core.environment:create_file_with_runtime_dependencies(/home/nrc/Manual_Control_F3/install/sick_safetyscanners2_interfaces/share/colcon-core/packages/sick_safetyscanners2_interfaces)
[14.942s] Level 1:colcon.colcon_core.environment:create_environment_scripts_only(sick_safetyscanners2_interfaces)
[14.942s] Level 1:colcon.colcon_core.environment:checking '/home/nrc/Manual_Control_F3/install/sick_safetyscanners2_interfaces' for CMake module files
[14.942s] Level 1:colcon.colcon_core.environment:checking '/home/nrc/Manual_Control_F3/install/sick_safetyscanners2_interfaces' for CMake config files
[14.942s] Level 1:colcon.colcon_core.shell:create_environment_hook('sick_safetyscanners2_interfaces', 'cmake_prefix_path')
[14.942s] INFO:colcon.colcon_core.shell:Creating environment hook '/home/nrc/Manual_Control_F3/install/sick_safetyscanners2_interfaces/share/sick_safetyscanners2_interfaces/hook/cmake_prefix_path.ps1'
[14.943s] INFO:colcon.colcon_core.shell:Creating environment descriptor '/home/nrc/Manual_Control_F3/install/sick_safetyscanners2_interfaces/share/sick_safetyscanners2_interfaces/hook/cmake_prefix_path.dsv'
[14.943s] INFO:colcon.colcon_core.shell:Creating environment hook '/home/nrc/Manual_Control_F3/install/sick_safetyscanners2_interfaces/share/sick_safetyscanners2_interfaces/hook/cmake_prefix_path.sh'
[14.943s] Level 1:colcon.colcon_core.environment:checking '/home/nrc/Manual_Control_F3/install/sick_safetyscanners2_interfaces/lib'
[14.944s] Level 1:colcon.colcon_core.shell:create_environment_hook('sick_safetyscanners2_interfaces', 'ld_library_path_lib')
[14.944s] INFO:colcon.colcon_core.shell:Creating environment hook '/home/nrc/Manual_Control_F3/install/sick_safetyscanners2_interfaces/share/sick_safetyscanners2_interfaces/hook/ld_library_path_lib.ps1'
[14.944s] INFO:colcon.colcon_core.shell:Creating environment descriptor '/home/nrc/Manual_Control_F3/install/sick_safetyscanners2_interfaces/share/sick_safetyscanners2_interfaces/hook/ld_library_path_lib.dsv'
[14.944s] INFO:colcon.colcon_core.shell:Creating environment hook '/home/nrc/Manual_Control_F3/install/sick_safetyscanners2_interfaces/share/sick_safetyscanners2_interfaces/hook/ld_library_path_lib.sh'
[14.944s] Level 1:colcon.colcon_core.environment:checking '/home/nrc/Manual_Control_F3/install/sick_safetyscanners2_interfaces/bin'
[14.944s] Level 1:colcon.colcon_core.environment:checking '/home/nrc/Manual_Control_F3/install/sick_safetyscanners2_interfaces/lib/pkgconfig/sick_safetyscanners2_interfaces.pc'
[14.945s] Level 1:colcon.colcon_core.environment:checking '/home/nrc/Manual_Control_F3/install/sick_safetyscanners2_interfaces/lib/python3.10/site-packages'
[14.945s] Level 1:colcon.colcon_core.environment:checking '/home/nrc/Manual_Control_F3/install/sick_safetyscanners2_interfaces/bin'
[14.945s] INFO:colcon.colcon_core.shell:Creating package script '/home/nrc/Manual_Control_F3/install/sick_safetyscanners2_interfaces/share/sick_safetyscanners2_interfaces/package.ps1'
[14.945s] INFO:colcon.colcon_core.shell:Creating package descriptor '/home/nrc/Manual_Control_F3/install/sick_safetyscanners2_interfaces/share/sick_safetyscanners2_interfaces/package.dsv'
[14.946s] INFO:colcon.colcon_core.shell:Creating package script '/home/nrc/Manual_Control_F3/install/sick_safetyscanners2_interfaces/share/sick_safetyscanners2_interfaces/package.sh'
[14.946s] INFO:colcon.colcon_core.shell:Creating package script '/home/nrc/Manual_Control_F3/install/sick_safetyscanners2_interfaces/share/sick_safetyscanners2_interfaces/package.bash'
[14.946s] INFO:colcon.colcon_core.shell:Creating package script '/home/nrc/Manual_Control_F3/install/sick_safetyscanners2_interfaces/share/sick_safetyscanners2_interfaces/package.zsh'
[14.946s] Level 1:colcon.colcon_core.environment:create_file_with_runtime_dependencies(/home/nrc/Manual_Control_F3/install/sick_safetyscanners2_interfaces/share/colcon-core/packages/sick_safetyscanners2_interfaces)
[14.947s] INFO:colcon.colcon_ros.task.ament_cmake.build:Building ROS package in '/home/nrc/Manual_Control_F3/src/sick_safetyscanners2' with build type 'ament_cmake'
[14.947s] INFO:colcon.colcon_cmake.task.cmake.build:Building CMake package in '/home/nrc/Manual_Control_F3/src/sick_safetyscanners2'
[14.947s] INFO:colcon.colcon_core.shell:Skip shell extension 'powershell' for command environment: Not usable outside of PowerShell
[14.947s] DEBUG:colcon.colcon_core.shell:Skip shell extension 'dsv' for command environment
[14.954s] DEBUG:colcon.colcon_core.event_handler.log_command:Invoking command in '/home/nrc/Manual_Control_F3/build/sick_safetyscanners2': AMENT_PREFIX_PATH=/home/nrc/Manual_Control_F3/install/sick_safetyscanners2_interfaces:${AMENT_PREFIX_PATH} CMAKE_PREFIX_PATH=/home/nrc/Manual_Control_F3/install/sick_safetyscanners2_interfaces:/opt/ros/humble LD_LIBRARY_PATH=/home/nrc/Manual_Control_F3/install/sick_safetyscanners2_interfaces/lib:${LD_LIBRARY_PATH} PYTHONPATH=/home/nrc/Manual_Control_F3/install/sick_safetyscanners2_interfaces/local/lib/python3.10/dist-packages:${PYTHONPATH} /usr/bin/cmake /home/nrc/Manual_Control_F3/src/sick_safetyscanners2 -DCMAKE_INSTALL_PREFIX=/home/nrc/Manual_Control_F3/install/sick_safetyscanners2
[16.374s] DEBUG:colcon.colcon_core.event_handler.log_command:Invoked command in '/home/nrc/Manual_Control_F3/build/sick_safetyscanners2' returned '0': AMENT_PREFIX_PATH=/home/nrc/Manual_Control_F3/install/sick_safetyscanners2_interfaces:${AMENT_PREFIX_PATH} CMAKE_PREFIX_PATH=/home/nrc/Manual_Control_F3/install/sick_safetyscanners2_interfaces:/opt/ros/humble LD_LIBRARY_PATH=/home/nrc/Manual_Control_F3/install/sick_safetyscanners2_interfaces/lib:${LD_LIBRARY_PATH} PYTHONPATH=/home/nrc/Manual_Control_F3/install/sick_safetyscanners2_interfaces/local/lib/python3.10/dist-packages:${PYTHONPATH} /usr/bin/cmake /home/nrc/Manual_Control_F3/src/sick_safetyscanners2 -DCMAKE_INSTALL_PREFIX=/home/nrc/Manual_Control_F3/install/sick_safetyscanners2
[16.375s] DEBUG:colcon.colcon_core.event_handler.log_command:Invoking command in '/home/nrc/Manual_Control_F3/build/sick_safetyscanners2': AMENT_PREFIX_PATH=/home/nrc/Manual_Control_F3/install/sick_safetyscanners2_interfaces:${AMENT_PREFIX_PATH} CMAKE_PREFIX_PATH=/home/nrc/Manual_Control_F3/install/sick_safetyscanners2_interfaces:/opt/ros/humble LD_LIBRARY_PATH=/home/nrc/Manual_Control_F3/install/sick_safetyscanners2_interfaces/lib:${LD_LIBRARY_PATH} PYTHONPATH=/home/nrc/Manual_Control_F3/install/sick_safetyscanners2_interfaces/local/lib/python3.10/dist-packages:${PYTHONPATH} /usr/bin/cmake --build /home/nrc/Manual_Control_F3/build/sick_safetyscanners2 -- -j8 -l8
[42.112s] DEBUG:colcon.colcon_core.event_handler.log_command:Invoked command in '/home/nrc/Manual_Control_F3/build/sick_safetyscanners2' returned '0': AMENT_PREFIX_PATH=/home/nrc/Manual_Control_F3/install/sick_safetyscanners2_interfaces:${AMENT_PREFIX_PATH} CMAKE_PREFIX_PATH=/home/nrc/Manual_Control_F3/install/sick_safetyscanners2_interfaces:/opt/ros/humble LD_LIBRARY_PATH=/home/nrc/Manual_Control_F3/install/sick_safetyscanners2_interfaces/lib:${LD_LIBRARY_PATH} PYTHONPATH=/home/nrc/Manual_Control_F3/install/sick_safetyscanners2_interfaces/local/lib/python3.10/dist-packages:${PYTHONPATH} /usr/bin/cmake --build /home/nrc/Manual_Control_F3/build/sick_safetyscanners2 -- -j8 -l8
[42.114s] DEBUG:colcon.colcon_core.event_handler.log_command:Invoking command in '/home/nrc/Manual_Control_F3/build/sick_safetyscanners2': AMENT_PREFIX_PATH=/home/nrc/Manual_Control_F3/install/sick_safetyscanners2_interfaces:${AMENT_PREFIX_PATH} CMAKE_PREFIX_PATH=/home/nrc/Manual_Control_F3/install/sick_safetyscanners2_interfaces:/opt/ros/humble LD_LIBRARY_PATH=/home/nrc/Manual_Control_F3/install/sick_safetyscanners2_interfaces/lib:${LD_LIBRARY_PATH} PYTHONPATH=/home/nrc/Manual_Control_F3/install/sick_safetyscanners2_interfaces/local/lib/python3.10/dist-packages:${PYTHONPATH} /usr/bin/cmake --install /home/nrc/Manual_Control_F3/build/sick_safetyscanners2
[42.139s] Level 1:colcon.colcon_core.environment:create_environment_scripts_only(sick_safetyscanners2)
[42.139s] Level 1:colcon.colcon_core.environment:checking '/home/nrc/Manual_Control_F3/install/sick_safetyscanners2' for CMake module files
[42.140s] Level 1:colcon.colcon_core.environment:checking '/home/nrc/Manual_Control_F3/install/sick_safetyscanners2' for CMake config files
[42.140s] Level 1:colcon.colcon_core.shell:create_environment_hook('sick_safetyscanners2', 'cmake_prefix_path')
[42.140s] INFO:colcon.colcon_core.shell:Creating environment hook '/home/nrc/Manual_Control_F3/install/sick_safetyscanners2/share/sick_safetyscanners2/hook/cmake_prefix_path.ps1'
[42.141s] INFO:colcon.colcon_core.shell:Creating environment descriptor '/home/nrc/Manual_Control_F3/install/sick_safetyscanners2/share/sick_safetyscanners2/hook/cmake_prefix_path.dsv'
[42.141s] INFO:colcon.colcon_core.shell:Creating environment hook '/home/nrc/Manual_Control_F3/install/sick_safetyscanners2/share/sick_safetyscanners2/hook/cmake_prefix_path.sh'
[42.142s] Level 1:colcon.colcon_core.environment:checking '/home/nrc/Manual_Control_F3/install/sick_safetyscanners2/lib'
[42.142s] Level 1:colcon.colcon_core.shell:create_environment_hook('sick_safetyscanners2', 'ld_library_path_lib')
[42.142s] INFO:colcon.colcon_core.shell:Creating environment hook '/home/nrc/Manual_Control_F3/install/sick_safetyscanners2/share/sick_safetyscanners2/hook/ld_library_path_lib.ps1'
[42.142s] DEBUG:colcon.colcon_core.event_handler.log_command:Invoked command in '/home/nrc/Manual_Control_F3/build/sick_safetyscanners2' returned '0': AMENT_PREFIX_PATH=/home/nrc/Manual_Control_F3/install/sick_safetyscanners2_interfaces:${AMENT_PREFIX_PATH} CMAKE_PREFIX_PATH=/home/nrc/Manual_Control_F3/install/sick_safetyscanners2_interfaces:/opt/ros/humble LD_LIBRARY_PATH=/home/nrc/Manual_Control_F3/install/sick_safetyscanners2_interfaces/lib:${LD_LIBRARY_PATH} PYTHONPATH=/home/nrc/Manual_Control_F3/install/sick_safetyscanners2_interfaces/local/lib/python3.10/dist-packages:${PYTHONPATH} /usr/bin/cmake --install /home/nrc/Manual_Control_F3/build/sick_safetyscanners2
[42.143s] INFO:colcon.colcon_core.shell:Creating environment descriptor '/home/nrc/Manual_Control_F3/install/sick_safetyscanners2/share/sick_safetyscanners2/hook/ld_library_path_lib.dsv'
[42.143s] INFO:colcon.colcon_core.shell:Creating environment hook '/home/nrc/Manual_Control_F3/install/sick_safetyscanners2/share/sick_safetyscanners2/hook/ld_library_path_lib.sh'
[42.143s] Level 1:colcon.colcon_core.environment:checking '/home/nrc/Manual_Control_F3/install/sick_safetyscanners2/bin'
[42.143s] Level 1:colcon.colcon_core.environment:checking '/home/nrc/Manual_Control_F3/install/sick_safetyscanners2/lib/pkgconfig/sick_safetyscanners2.pc'
[42.144s] Level 1:colcon.colcon_core.environment:checking '/home/nrc/Manual_Control_F3/install/sick_safetyscanners2/lib/python3.10/site-packages'
[42.144s] Level 1:colcon.colcon_core.environment:checking '/home/nrc/Manual_Control_F3/install/sick_safetyscanners2/bin'
[42.144s] INFO:colcon.colcon_core.shell:Creating package script '/home/nrc/Manual_Control_F3/install/sick_safetyscanners2/share/sick_safetyscanners2/package.ps1'
[42.145s] INFO:colcon.colcon_core.shell:Creating package descriptor '/home/nrc/Manual_Control_F3/install/sick_safetyscanners2/share/sick_safetyscanners2/package.dsv'
[42.145s] INFO:colcon.colcon_core.shell:Creating package script '/home/nrc/Manual_Control_F3/install/sick_safetyscanners2/share/sick_safetyscanners2/package.sh'
[42.145s] INFO:colcon.colcon_core.shell:Creating package script '/home/nrc/Manual_Control_F3/install/sick_safetyscanners2/share/sick_safetyscanners2/package.bash'
[42.145s] INFO:colcon.colcon_core.shell:Creating package script '/home/nrc/Manual_Control_F3/install/sick_safetyscanners2/share/sick_safetyscanners2/package.zsh'
[42.146s] Level 1:colcon.colcon_core.environment:create_file_with_runtime_dependencies(/home/nrc/Manual_Control_F3/install/sick_safetyscanners2/share/colcon-core/packages/sick_safetyscanners2)
[42.146s] Level 1:colcon.colcon_core.environment:create_environment_scripts_only(sick_safetyscanners2)
[42.146s] Level 1:colcon.colcon_core.environment:checking '/home/nrc/Manual_Control_F3/install/sick_safetyscanners2' for CMake module files
[42.146s] Level 1:colcon.colcon_core.environment:checking '/home/nrc/Manual_Control_F3/install/sick_safetyscanners2' for CMake config files
[42.147s] Level 1:colcon.colcon_core.shell:create_environment_hook('sick_safetyscanners2', 'cmake_prefix_path')
[42.147s] INFO:colcon.colcon_core.shell:Creating environment hook '/home/nrc/Manual_Control_F3/install/sick_safetyscanners2/share/sick_safetyscanners2/hook/cmake_prefix_path.ps1'
[42.147s] INFO:colcon.colcon_core.shell:Creating environment descriptor '/home/nrc/Manual_Control_F3/install/sick_safetyscanners2/share/sick_safetyscanners2/hook/cmake_prefix_path.dsv'
[42.147s] INFO:colcon.colcon_core.shell:Creating environment hook '/home/nrc/Manual_Control_F3/install/sick_safetyscanners2/share/sick_safetyscanners2/hook/cmake_prefix_path.sh'
[42.148s] Level 1:colcon.colcon_core.environment:checking '/home/nrc/Manual_Control_F3/install/sick_safetyscanners2/lib'
[42.148s] Level 1:colcon.colcon_core.shell:create_environment_hook('sick_safetyscanners2', 'ld_library_path_lib')
[42.148s] INFO:colcon.colcon_core.shell:Creating environment hook '/home/nrc/Manual_Control_F3/install/sick_safetyscanners2/share/sick_safetyscanners2/hook/ld_library_path_lib.ps1'
[42.148s] INFO:colcon.colcon_core.shell:Creating environment descriptor '/home/nrc/Manual_Control_F3/install/sick_safetyscanners2/share/sick_safetyscanners2/hook/ld_library_path_lib.dsv'
[42.148s] INFO:colcon.colcon_core.shell:Creating environment hook '/home/nrc/Manual_Control_F3/install/sick_safetyscanners2/share/sick_safetyscanners2/hook/ld_library_path_lib.sh'
[42.149s] Level 1:colcon.colcon_core.environment:checking '/home/nrc/Manual_Control_F3/install/sick_safetyscanners2/bin'
[42.149s] Level 1:colcon.colcon_core.environment:checking '/home/nrc/Manual_Control_F3/install/sick_safetyscanners2/lib/pkgconfig/sick_safetyscanners2.pc'
[42.149s] Level 1:colcon.colcon_core.environment:checking '/home/nrc/Manual_Control_F3/install/sick_safetyscanners2/lib/python3.10/site-packages'
[42.149s] Level 1:colcon.colcon_core.environment:checking '/home/nrc/Manual_Control_F3/install/sick_safetyscanners2/bin'
[42.149s] INFO:colcon.colcon_core.shell:Creating package script '/home/nrc/Manual_Control_F3/install/sick_safetyscanners2/share/sick_safetyscanners2/package.ps1'
[42.150s] INFO:colcon.colcon_core.shell:Creating package descriptor '/home/nrc/Manual_Control_F3/install/sick_safetyscanners2/share/sick_safetyscanners2/package.dsv'
[42.150s] INFO:colcon.colcon_core.shell:Creating package script '/home/nrc/Manual_Control_F3/install/sick_safetyscanners2/share/sick_safetyscanners2/package.sh'
[42.150s] INFO:colcon.colcon_core.shell:Creating package script '/home/nrc/Manual_Control_F3/install/sick_safetyscanners2/share/sick_safetyscanners2/package.bash'
[42.151s] INFO:colcon.colcon_core.shell:Creating package script '/home/nrc/Manual_Control_F3/install/sick_safetyscanners2/share/sick_safetyscanners2/package.zsh'
[42.151s] Level 1:colcon.colcon_core.environment:create_file_with_runtime_dependencies(/home/nrc/Manual_Control_F3/install/sick_safetyscanners2/share/colcon-core/packages/sick_safetyscanners2)
[42.151s] DEBUG:colcon.colcon_parallel_executor.executor.parallel:closing loop
[42.151s] DEBUG:colcon.colcon_parallel_executor.executor.parallel:loop closed
[42.151s] DEBUG:colcon.colcon_parallel_executor.executor.parallel:run_until_complete finished with '0'
[42.152s] DEBUG:colcon.colcon_core.event_reactor:joining thread
[42.157s] INFO:colcon.colcon_core.plugin_system:Skipping extension 'colcon_notification.desktop_notification.terminal_notifier': Not used on non-Darwin systems
[42.157s] INFO:colcon.colcon_core.plugin_system:Skipping extension 'colcon_notification.desktop_notification.win32': Not used on non-Windows systems
[42.157s] INFO:colcon.colcon_notification.desktop_notification:Sending desktop notification using 'notify2'
[42.171s] DEBUG:colcon.colcon_core.event_reactor:joined thread
[42.171s] INFO:colcon.colcon_core.shell:Creating prefix script '/home/nrc/Manual_Control_F3/install/local_setup.ps1'
[42.172s] INFO:colcon.colcon_core.shell:Creating prefix util module '/home/nrc/Manual_Control_F3/install/_local_setup_util_ps1.py'
[42.174s] INFO:colcon.colcon_core.shell:Creating prefix chain script '/home/nrc/Manual_Control_F3/install/setup.ps1'
[42.175s] INFO:colcon.colcon_core.shell:Creating prefix script '/home/nrc/Manual_Control_F3/install/local_setup.sh'
[42.176s] INFO:colcon.colcon_core.shell:Creating prefix util module '/home/nrc/Manual_Control_F3/install/_local_setup_util_sh.py'
[42.177s] INFO:colcon.colcon_core.shell:Creating prefix chain script '/home/nrc/Manual_Control_F3/install/setup.sh'
[42.178s] INFO:colcon.colcon_core.shell:Creating prefix script '/home/nrc/Manual_Control_F3/install/local_setup.bash'
[42.179s] INFO:colcon.colcon_core.shell:Creating prefix chain script '/home/nrc/Manual_Control_F3/install/setup.bash'
[42.180s] INFO:colcon.colcon_core.shell:Creating prefix script '/home/nrc/Manual_Control_F3/install/local_setup.zsh'
[42.181s] INFO:colcon.colcon_core.shell:Creating prefix chain script '/home/nrc/Manual_Control_F3/install/setup.zsh'
