-- The C compiler identification is GNU 11.4.0
-- The CXX compiler identification is GNU 11.4.0
-- Detecting C compiler ABI info
-- Detecting C compiler ABI info - done
-- Check for working C compiler: /usr/bin/cc - skipped
-- Detecting C compile features
-- Detecting C compile features - done
-- Detecting CXX compiler ABI info
-- Detecting CXX compiler ABI info - done
-- Check for working CXX compiler: /usr/bin/c++ - skipped
-- Detecting CXX compile features
-- Detecting CXX compile features - done
-- Found ament_cmake: 1.3.13 (/opt/ros/humble/share/ament_cmake/cmake)
-- Found Python3: /usr/bin/python3 (found version "3.10.12") found components: Interpreter 
-- Found Boost: /usr/lib/x86_64-linux-gnu/cmake/Boost-1.74.0/BoostConfig.cmake (found version "1.74.0") found components: chrono 
-- Found diagnostic_updater: 4.0.6 (/opt/ros/humble/share/diagnostic_updater/cmake)
-- Found rosidl_generator_c: 3.1.8 (/opt/ros/humble/share/rosidl_generator_c/cmake)
-- Found rosidl_adapter: 3.1.8 (/opt/ros/humble/share/rosidl_adapter/cmake)
-- Found rosidl_generator_cpp: 3.1.8 (/opt/ros/humble/share/rosidl_generator_cpp/cmake)
-- Using all available rosidl_typesupport_c: rosidl_typesupport_fastrtps_c;rosidl_typesupport_introspection_c
-- Using all available rosidl_typesupport_cpp: rosidl_typesupport_fastrtps_cpp;rosidl_typesupport_introspection_cpp
-- Found rmw_implementation_cmake: 6.1.2 (/opt/ros/humble/share/rmw_implementation_cmake/cmake)
-- Found rmw_fastrtps_cpp: 6.2.10 (/opt/ros/humble/share/rmw_fastrtps_cpp/cmake)
-- Found OpenSSL: /usr/lib/x86_64-linux-gnu/libcrypto.so (found version "3.0.2")  
-- Found FastRTPS: /opt/ros/humble/include  
-- Using RMW implementation 'rmw_fastrtps_cpp' as default
-- Looking for pthread.h
-- Looking for pthread.h - found
-- Performing Test CMAKE_HAVE_LIBC_PTHREAD
-- Performing Test CMAKE_HAVE_LIBC_PTHREAD - Success
-- Found Threads: TRUE  
-- Found rclcpp_components: 16.0.18 (/opt/ros/humble/share/rclcpp_components/cmake)
-- Found rclcpp_lifecycle: 16.0.18 (/opt/ros/humble/share/rclcpp_lifecycle/cmake)
-- Found sensor_msgs: 4.9.1 (/opt/ros/humble/share/sensor_msgs/cmake)
-- Found Boost: /usr/lib/x86_64-linux-gnu/cmake/Boost-1.74.0/BoostConfig.cmake (found version "1.74.0") found components: chrono system thread 
-- Found sick_safetyscanners2_interfaces: 1.0.0 (/home/nrc/Manual_Control_F3/install/sick_safetyscanners2_interfaces/share/sick_safetyscanners2_interfaces/cmake)
-- Found ament_lint_auto: 0.12.15 (/opt/ros/humble/share/ament_lint_auto/cmake)
-- Found python_cmake_module: 0.10.0 (/opt/ros/humble/share/python_cmake_module/cmake)
-- Found PythonInterp: /usr/bin/python3 (found suitable version "3.10.12", minimum required is "3.6") 
-- Found PythonLibs: /usr/lib/x86_64-linux-gnu/libpython3.10.so (found suitable version "3.10.12", minimum required is "3.5") 
-- Using PYTHON_EXECUTABLE: /usr/bin/python3
-- Using PYTHON_INCLUDE_DIRS: /usr/include/python3.10
-- Using PYTHON_LIBRARIES: /usr/lib/x86_64-linux-gnu/libpython3.10.so
-- Found PythonExtra: .so  
-- Added test 'copyright' to check source files copyright and LICENSE
-- Added test 'cppcheck' to perform static code analysis on C / C++ code
-- Configured cppcheck include dirs: $<BUILD_INTERFACE:/home/nrc/Manual_Control_F3/src/sick_safetyscanners2/include>
-- Configured cppcheck exclude dirs and/or files: 
-- Added test 'cpplint' to check C / C++ code against the Google style
-- Configured cpplint exclude dirs and/or files: 
-- Added test 'flake8' to check Python code syntax and style conventions
-- Added test 'lint_cmake' to check CMake code style
-- Added test 'pep257' to check Python code against some of the docstring style conventions in PEP 257
-- Added test 'uncrustify' to check C / C++ code style
-- Configured uncrustify additional arguments: 
-- Added test 'xmllint' to check XML markup files
-- Configuring done
-- Generating done
-- Build files have been written to: /home/nrc/Manual_Control_F3/build/sick_safetyscanners2
[  8%] [32mBuilding CXX object CMakeFiles/sick_safetyscanners2.dir/src/SickSafetyscanners.cpp.o[0m
[ 16%] [32mBuilding CXX object CMakeFiles/sick_safetyscanners2.dir/src/utils/MessageCreator.cpp.o[0m
[ 33%] [32mBuilding CXX object CMakeFiles/sick_safetyscanners2_lifecycle.dir/src/SickSafetyscanners.cpp.o[0m
[ 33%] [32mBuilding CXX object CMakeFiles/sick_safetyscanners2_lifecycle.dir/src/utils/MessageCreator.cpp.o[0m
[ 41%] [32mBuilding CXX object CMakeFiles/sick_safetyscanners2_lifecycle.dir/src/SickSafetyscannersLifeCycle.cpp.o[0m
[ 50%] [32mBuilding CXX object CMakeFiles/sick_safetyscanners2.dir/src/SickSafetyscannersRos2.cpp.o[0m
[ 58%] [32m[1mLinking CXX shared library libsick_safetyscanners2_lifecycle.so[0m
[ 66%] [32m[1mLinking CXX shared library libsick_safetyscanners2.so[0m
[ 66%] Built target sick_safetyscanners2_lifecycle
[ 66%] Built target sick_safetyscanners2
[ 75%] [32mBuilding CXX object CMakeFiles/sick_safetyscanners2_lifecycle_node.dir/src/sick_safetyscanners2_lifecycle_node.cpp.o[0m
[ 83%] [32m[1mLinking CXX executable sick_safetyscanners2_lifecycle_node[0m
[ 83%] Built target sick_safetyscanners2_lifecycle_node
[ 91%] [32mBuilding CXX object CMakeFiles/sick_safetyscanners2_node.dir/src/sick_safetyscanners2_node.cpp.o[0m
[100%] [32m[1mLinking CXX executable sick_safetyscanners2_node[0m
[100%] Built target sick_safetyscanners2_node
-- Install configuration: ""
-- Installing: /home/nrc/Manual_Control_F3/install/sick_safetyscanners2/share/sick_safetyscanners2//launch
-- Installing: /home/nrc/Manual_Control_F3/install/sick_safetyscanners2/share/sick_safetyscanners2//launch/sick_safetyscanners2_launch.py
-- Installing: /home/nrc/Manual_Control_F3/install/sick_safetyscanners2/share/sick_safetyscanners2//launch/view_nanoscan3.launch.xml
-- Installing: /home/nrc/Manual_Control_F3/install/sick_safetyscanners2/share/sick_safetyscanners2//launch/view_nanoscan3.launch.py
-- Installing: /home/nrc/Manual_Control_F3/install/sick_safetyscanners2/share/sick_safetyscanners2//launch/sick_safetyscanners2_lifecycle_launch.py
-- Installing: /home/nrc/Manual_Control_F3/install/sick_safetyscanners2/share/sick_safetyscanners2//description
-- Installing: /home/nrc/Manual_Control_F3/install/sick_safetyscanners2/share/sick_safetyscanners2//description/meshes
-- Installing: /home/nrc/Manual_Control_F3/install/sick_safetyscanners2/share/sick_safetyscanners2//description/meshes/NANS3.dae
-- Installing: /home/nrc/Manual_Control_F3/install/sick_safetyscanners2/share/sick_safetyscanners2//description/meshes/MountingKit_2a.dae
-- Installing: /home/nrc/Manual_Control_F3/install/sick_safetyscanners2/share/sick_safetyscanners2//description/meshes/NANS3_collision.stl
-- Installing: /home/nrc/Manual_Control_F3/install/sick_safetyscanners2/share/sick_safetyscanners2//description/meshes/MountingKit_2a_collision.stl
-- Installing: /home/nrc/Manual_Control_F3/install/sick_safetyscanners2/share/sick_safetyscanners2//description/test
-- Installing: /home/nrc/Manual_Control_F3/install/sick_safetyscanners2/share/sick_safetyscanners2//description/test/nanoscan3_test_urdf_xacro.py
-- Installing: /home/nrc/Manual_Control_F3/install/sick_safetyscanners2/share/sick_safetyscanners2//description/urdf
-- Installing: /home/nrc/Manual_Control_F3/install/sick_safetyscanners2/share/sick_safetyscanners2//description/urdf/nanoscan3.urdf.xacro
-- Installing: /home/nrc/Manual_Control_F3/install/sick_safetyscanners2/share/sick_safetyscanners2//description/urdf/nanoscan3
-- Installing: /home/nrc/Manual_Control_F3/install/sick_safetyscanners2/share/sick_safetyscanners2//description/urdf/nanoscan3/gazebo_macro.xacro
-- Installing: /home/nrc/Manual_Control_F3/install/sick_safetyscanners2/share/sick_safetyscanners2//description/urdf/nanoscan3/nanoscan3_macro.xacro
-- Installing: /home/nrc/Manual_Control_F3/install/sick_safetyscanners2/share/sick_safetyscanners2//description/urdf/common.xacro
-- Installing: /home/nrc/Manual_Control_F3/install/sick_safetyscanners2/share/sick_safetyscanners2//rviz
-- Installing: /home/nrc/Manual_Control_F3/install/sick_safetyscanners2/share/sick_safetyscanners2//rviz/nanoscan3.rviz
-- Installing: /home/nrc/Manual_Control_F3/install/sick_safetyscanners2/lib/libsick_safetyscanners2.so
-- Set runtime path of "/home/nrc/Manual_Control_F3/install/sick_safetyscanners2/lib/libsick_safetyscanners2.so" to ""
-- Installing: /home/nrc/Manual_Control_F3/install/sick_safetyscanners2/lib/libsick_safetyscanners2_lifecycle.so
-- Set runtime path of "/home/nrc/Manual_Control_F3/install/sick_safetyscanners2/lib/libsick_safetyscanners2_lifecycle.so" to ""
-- Installing: /home/nrc/Manual_Control_F3/install/sick_safetyscanners2/lib/sick_safetyscanners2/sick_safetyscanners2_node
-- Set runtime path of "/home/nrc/Manual_Control_F3/install/sick_safetyscanners2/lib/sick_safetyscanners2/sick_safetyscanners2_node" to ""
-- Installing: /home/nrc/Manual_Control_F3/install/sick_safetyscanners2/lib/sick_safetyscanners2/sick_safetyscanners2_lifecycle_node
-- Set runtime path of "/home/nrc/Manual_Control_F3/install/sick_safetyscanners2/lib/sick_safetyscanners2/sick_safetyscanners2_lifecycle_node" to ""
-- Installing: /home/nrc/Manual_Control_F3/install/sick_safetyscanners2/include
-- Installing: /home/nrc/Manual_Control_F3/install/sick_safetyscanners2/include/sick_safetyscanners2
-- Installing: /home/nrc/Manual_Control_F3/install/sick_safetyscanners2/include/sick_safetyscanners2/utils
-- Installing: /home/nrc/Manual_Control_F3/install/sick_safetyscanners2/include/sick_safetyscanners2/utils/Conversions.h
-- Installing: /home/nrc/Manual_Control_F3/install/sick_safetyscanners2/include/sick_safetyscanners2/utils/MessageCreator.h
-- Installing: /home/nrc/Manual_Control_F3/install/sick_safetyscanners2/include/sick_safetyscanners2/SickSafetyscanners.hpp
-- Installing: /home/nrc/Manual_Control_F3/install/sick_safetyscanners2/include/sick_safetyscanners2/SickSafetyscannersRos2.h
-- Installing: /home/nrc/Manual_Control_F3/install/sick_safetyscanners2/include/sick_safetyscanners2/SickSafetyscannersLifeCycle.hpp
-- Installing: /home/nrc/Manual_Control_F3/install/sick_safetyscanners2/share/sick_safetyscanners2/environment/library_path.sh
-- Installing: /home/nrc/Manual_Control_F3/install/sick_safetyscanners2/share/sick_safetyscanners2/environment/library_path.dsv
-- Installing: /home/nrc/Manual_Control_F3/install/sick_safetyscanners2/share/ament_index/resource_index/package_run_dependencies/sick_safetyscanners2
-- Installing: /home/nrc/Manual_Control_F3/install/sick_safetyscanners2/share/ament_index/resource_index/parent_prefix_path/sick_safetyscanners2
-- Installing: /home/nrc/Manual_Control_F3/install/sick_safetyscanners2/share/sick_safetyscanners2/environment/ament_prefix_path.sh
-- Installing: /home/nrc/Manual_Control_F3/install/sick_safetyscanners2/share/sick_safetyscanners2/environment/ament_prefix_path.dsv
-- Installing: /home/nrc/Manual_Control_F3/install/sick_safetyscanners2/share/sick_safetyscanners2/environment/path.sh
-- Installing: /home/nrc/Manual_Control_F3/install/sick_safetyscanners2/share/sick_safetyscanners2/environment/path.dsv
-- Installing: /home/nrc/Manual_Control_F3/install/sick_safetyscanners2/share/sick_safetyscanners2/local_setup.bash
-- Installing: /home/nrc/Manual_Control_F3/install/sick_safetyscanners2/share/sick_safetyscanners2/local_setup.sh
-- Installing: /home/nrc/Manual_Control_F3/install/sick_safetyscanners2/share/sick_safetyscanners2/local_setup.zsh
-- Installing: /home/nrc/Manual_Control_F3/install/sick_safetyscanners2/share/sick_safetyscanners2/local_setup.dsv
-- Installing: /home/nrc/Manual_Control_F3/install/sick_safetyscanners2/share/sick_safetyscanners2/package.dsv
-- Installing: /home/nrc/Manual_Control_F3/install/sick_safetyscanners2/share/ament_index/resource_index/packages/sick_safetyscanners2
-- Installing: /home/nrc/Manual_Control_F3/install/sick_safetyscanners2/share/ament_index/resource_index/rclcpp_components/sick_safetyscanners2
-- Installing: /home/nrc/Manual_Control_F3/install/sick_safetyscanners2/share/sick_safetyscanners2/cmake/sick_safetyscanners2_targetExport.cmake
-- Installing: /home/nrc/Manual_Control_F3/install/sick_safetyscanners2/share/sick_safetyscanners2/cmake/sick_safetyscanners2_targetExport-noconfig.cmake
-- Installing: /home/nrc/Manual_Control_F3/install/sick_safetyscanners2/share/sick_safetyscanners2/cmake/ament_cmake_export_include_directories-extras.cmake
-- Installing: /home/nrc/Manual_Control_F3/install/sick_safetyscanners2/share/sick_safetyscanners2/cmake/ament_cmake_export_targets-extras.cmake
-- Installing: /home/nrc/Manual_Control_F3/install/sick_safetyscanners2/share/sick_safetyscanners2/cmake/ament_cmake_export_libraries-extras.cmake
-- Installing: /home/nrc/Manual_Control_F3/install/sick_safetyscanners2/share/sick_safetyscanners2/cmake/ament_cmake_export_dependencies-extras.cmake
-- Installing: /home/nrc/Manual_Control_F3/install/sick_safetyscanners2/share/sick_safetyscanners2/cmake/sick_safetyscanners2Config.cmake
-- Installing: /home/nrc/Manual_Control_F3/install/sick_safetyscanners2/share/sick_safetyscanners2/cmake/sick_safetyscanners2Config-version.cmake
-- Installing: /home/nrc/Manual_Control_F3/install/sick_safetyscanners2/share/sick_safetyscanners2/package.xml
