[0.006s] Invoking command in '/home/nrc/Manual_Control_F3/build/sick_safetyscanners2': AMENT_PREFIX_PATH=/home/nrc/Manual_Control_F3/install/sick_safetyscanners2_interfaces:${AMENT_PREFIX_PATH} CMAKE_PREFIX_PATH=/home/nrc/Manual_Control_F3/install/sick_safetyscanners2_interfaces:/opt/ros/humble LD_LIBRARY_PATH=/home/nrc/Manual_Control_F3/install/sick_safetyscanners2_interfaces/lib:${LD_LIBRARY_PATH} PYTHONPATH=/home/nrc/Manual_Control_F3/install/sick_safetyscanners2_interfaces/local/lib/python3.10/dist-packages:${PYTHONPATH} /usr/bin/cmake /home/nrc/Manual_Control_F3/src/sick_safetyscanners2 -DCMAKE_INSTALL_PREFIX=/home/nrc/Manual_Control_F3/install/sick_safetyscanners2
[0.052s] -- The C compiler identification is GNU 11.4.0
[0.094s] -- The CXX compiler identification is GNU 11.4.0
[0.098s] -- Detecting C compiler ABI info
[0.184s] -- Detecting C compiler ABI info - done
[0.190s] -- Check for working C compiler: /usr/bin/cc - skipped
[0.190s] -- Detecting C compile features
[0.190s] -- Detecting C compile features - done
[0.193s] -- Detecting CXX compiler ABI info
[0.266s] -- Detecting CXX compiler ABI info - done
[0.274s] -- Check for working CXX compiler: /usr/bin/c++ - skipped
[0.274s] -- Detecting CXX compile features
[0.275s] -- Detecting CXX compile features - done
[0.276s] -- Found ament_cmake: 1.3.13 (/opt/ros/humble/share/ament_cmake/cmake)
[0.427s] -- Found Python3: /usr/bin/python3 (found version "3.10.12") found components: Interpreter 
[0.535s] -- Found Boost: /usr/lib/x86_64-linux-gnu/cmake/Boost-1.74.0/BoostConfig.cmake (found version "1.74.0") found components: chrono 
[0.538s] -- Found diagnostic_updater: 4.0.6 (/opt/ros/humble/share/diagnostic_updater/cmake)
[0.577s] -- Found rosidl_generator_c: 3.1.8 (/opt/ros/humble/share/rosidl_generator_c/cmake)
[0.589s] -- Found rosidl_adapter: 3.1.8 (/opt/ros/humble/share/rosidl_adapter/cmake)
[0.613s] -- Found rosidl_generator_cpp: 3.1.8 (/opt/ros/humble/share/rosidl_generator_cpp/cmake)
[0.629s] -- Using all available rosidl_typesupport_c: rosidl_typesupport_fastrtps_c;rosidl_typesupport_introspection_c
[0.645s] -- Using all available rosidl_typesupport_cpp: rosidl_typesupport_fastrtps_cpp;rosidl_typesupport_introspection_cpp
[0.733s] -- Found rmw_implementation_cmake: 6.1.2 (/opt/ros/humble/share/rmw_implementation_cmake/cmake)
[0.735s] -- Found rmw_fastrtps_cpp: 6.2.10 (/opt/ros/humble/share/rmw_fastrtps_cpp/cmake)
[0.817s] -- Found OpenSSL: /usr/lib/x86_64-linux-gnu/libcrypto.so (found version "3.0.2")  
[0.839s] -- Found FastRTPS: /opt/ros/humble/include  
[0.880s] -- Using RMW implementation 'rmw_fastrtps_cpp' as default
[0.886s] -- Looking for pthread.h
[0.981s] -- Looking for pthread.h - found
[0.981s] -- Performing Test CMAKE_HAVE_LIBC_PTHREAD
[1.057s] -- Performing Test CMAKE_HAVE_LIBC_PTHREAD - Success
[1.059s] -- Found Threads: TRUE  
[1.102s] -- Found rclcpp_components: 16.0.18 (/opt/ros/humble/share/rclcpp_components/cmake)
[1.130s] -- Found rclcpp_lifecycle: 16.0.18 (/opt/ros/humble/share/rclcpp_lifecycle/cmake)
[1.157s] -- Found sensor_msgs: 4.9.1 (/opt/ros/humble/share/sensor_msgs/cmake)
[1.212s] -- Found Boost: /usr/lib/x86_64-linux-gnu/cmake/Boost-1.74.0/BoostConfig.cmake (found version "1.74.0") found components: chrono system thread 
[1.212s] -- Found sick_safetyscanners2_interfaces: 1.0.0 (/home/nrc/Manual_Control_F3/install/sick_safetyscanners2_interfaces/share/sick_safetyscanners2_interfaces/cmake)
[1.235s] -- Found ament_lint_auto: 0.12.15 (/opt/ros/humble/share/ament_lint_auto/cmake)
[1.301s] -- Found python_cmake_module: 0.10.0 (/opt/ros/humble/share/python_cmake_module/cmake)
[1.323s] -- Found PythonInterp: /usr/bin/python3 (found suitable version "3.10.12", minimum required is "3.6") 
[1.329s] -- Found PythonLibs: /usr/lib/x86_64-linux-gnu/libpython3.10.so (found suitable version "3.10.12", minimum required is "3.5") 
[1.330s] -- Using PYTHON_EXECUTABLE: /usr/bin/python3
[1.330s] -- Using PYTHON_INCLUDE_DIRS: /usr/include/python3.10
[1.330s] -- Using PYTHON_LIBRARIES: /usr/lib/x86_64-linux-gnu/libpython3.10.so
[1.349s] -- Found PythonExtra: .so  
[1.372s] -- Added test 'copyright' to check source files copyright and LICENSE
[1.374s] -- Added test 'cppcheck' to perform static code analysis on C / C++ code
[1.375s] -- Configured cppcheck include dirs: $<BUILD_INTERFACE:/home/nrc/Manual_Control_F3/src/sick_safetyscanners2/include>
[1.375s] -- Configured cppcheck exclude dirs and/or files: 
[1.377s] -- Added test 'cpplint' to check C / C++ code against the Google style
[1.377s] -- Configured cpplint exclude dirs and/or files: 
[1.378s] -- Added test 'flake8' to check Python code syntax and style conventions
[1.379s] -- Added test 'lint_cmake' to check CMake code style
[1.380s] -- Added test 'pep257' to check Python code against some of the docstring style conventions in PEP 257
[1.382s] -- Added test 'uncrustify' to check C / C++ code style
[1.382s] -- Configured uncrustify additional arguments: 
[1.383s] -- Added test 'xmllint' to check XML markup files
[1.386s] -- Configuring done
[1.408s] -- Generating done
[1.417s] -- Build files have been written to: /home/nrc/Manual_Control_F3/build/sick_safetyscanners2
[1.426s] Invoked command in '/home/nrc/Manual_Control_F3/build/sick_safetyscanners2' returned '0': AMENT_PREFIX_PATH=/home/nrc/Manual_Control_F3/install/sick_safetyscanners2_interfaces:${AMENT_PREFIX_PATH} CMAKE_PREFIX_PATH=/home/nrc/Manual_Control_F3/install/sick_safetyscanners2_interfaces:/opt/ros/humble LD_LIBRARY_PATH=/home/nrc/Manual_Control_F3/install/sick_safetyscanners2_interfaces/lib:${LD_LIBRARY_PATH} PYTHONPATH=/home/nrc/Manual_Control_F3/install/sick_safetyscanners2_interfaces/local/lib/python3.10/dist-packages:${PYTHONPATH} /usr/bin/cmake /home/nrc/Manual_Control_F3/src/sick_safetyscanners2 -DCMAKE_INSTALL_PREFIX=/home/nrc/Manual_Control_F3/install/sick_safetyscanners2
[1.428s] Invoking command in '/home/nrc/Manual_Control_F3/build/sick_safetyscanners2': AMENT_PREFIX_PATH=/home/nrc/Manual_Control_F3/install/sick_safetyscanners2_interfaces:${AMENT_PREFIX_PATH} CMAKE_PREFIX_PATH=/home/nrc/Manual_Control_F3/install/sick_safetyscanners2_interfaces:/opt/ros/humble LD_LIBRARY_PATH=/home/nrc/Manual_Control_F3/install/sick_safetyscanners2_interfaces/lib:${LD_LIBRARY_PATH} PYTHONPATH=/home/nrc/Manual_Control_F3/install/sick_safetyscanners2_interfaces/local/lib/python3.10/dist-packages:${PYTHONPATH} /usr/bin/cmake --build /home/nrc/Manual_Control_F3/build/sick_safetyscanners2 -- -j8 -l8
[1.471s] [  8%] [32mBuilding CXX object CMakeFiles/sick_safetyscanners2.dir/src/SickSafetyscanners.cpp.o[0m
[1.472s] [ 16%] [32mBuilding CXX object CMakeFiles/sick_safetyscanners2.dir/src/utils/MessageCreator.cpp.o[0m
[1.472s] [ 33%] [32mBuilding CXX object CMakeFiles/sick_safetyscanners2_lifecycle.dir/src/SickSafetyscanners.cpp.o[0m
[1.472s] [ 33%] [32mBuilding CXX object CMakeFiles/sick_safetyscanners2_lifecycle.dir/src/utils/MessageCreator.cpp.o[0m
[1.472s] [ 41%] [32mBuilding CXX object CMakeFiles/sick_safetyscanners2_lifecycle.dir/src/SickSafetyscannersLifeCycle.cpp.o[0m
[1.474s] [ 50%] [32mBuilding CXX object CMakeFiles/sick_safetyscanners2.dir/src/SickSafetyscannersRos2.cpp.o[0m
[14.829s] [ 58%] [32m[1mLinking CXX shared library libsick_safetyscanners2_lifecycle.so[0m
[14.926s] [ 66%] [32m[1mLinking CXX shared library libsick_safetyscanners2.so[0m
[15.416s] [ 66%] Built target sick_safetyscanners2_lifecycle
[15.494s] [ 66%] Built target sick_safetyscanners2
[15.510s] [ 75%] [32mBuilding CXX object CMakeFiles/sick_safetyscanners2_lifecycle_node.dir/src/sick_safetyscanners2_lifecycle_node.cpp.o[0m
[21.257s] [ 83%] [32m[1mLinking CXX executable sick_safetyscanners2_lifecycle_node[0m
[21.503s] [ 83%] Built target sick_safetyscanners2_lifecycle_node
[21.519s] [ 91%] [32mBuilding CXX object CMakeFiles/sick_safetyscanners2_node.dir/src/sick_safetyscanners2_node.cpp.o[0m
[26.893s] [100%] [32m[1mLinking CXX executable sick_safetyscanners2_node[0m
[27.153s] [100%] Built target sick_safetyscanners2_node
[27.164s] Invoked command in '/home/nrc/Manual_Control_F3/build/sick_safetyscanners2' returned '0': AMENT_PREFIX_PATH=/home/nrc/Manual_Control_F3/install/sick_safetyscanners2_interfaces:${AMENT_PREFIX_PATH} CMAKE_PREFIX_PATH=/home/nrc/Manual_Control_F3/install/sick_safetyscanners2_interfaces:/opt/ros/humble LD_LIBRARY_PATH=/home/nrc/Manual_Control_F3/install/sick_safetyscanners2_interfaces/lib:${LD_LIBRARY_PATH} PYTHONPATH=/home/nrc/Manual_Control_F3/install/sick_safetyscanners2_interfaces/local/lib/python3.10/dist-packages:${PYTHONPATH} /usr/bin/cmake --build /home/nrc/Manual_Control_F3/build/sick_safetyscanners2 -- -j8 -l8
[27.166s] Invoking command in '/home/nrc/Manual_Control_F3/build/sick_safetyscanners2': AMENT_PREFIX_PATH=/home/nrc/Manual_Control_F3/install/sick_safetyscanners2_interfaces:${AMENT_PREFIX_PATH} CMAKE_PREFIX_PATH=/home/nrc/Manual_Control_F3/install/sick_safetyscanners2_interfaces:/opt/ros/humble LD_LIBRARY_PATH=/home/nrc/Manual_Control_F3/install/sick_safetyscanners2_interfaces/lib:${LD_LIBRARY_PATH} PYTHONPATH=/home/nrc/Manual_Control_F3/install/sick_safetyscanners2_interfaces/local/lib/python3.10/dist-packages:${PYTHONPATH} /usr/bin/cmake --install /home/nrc/Manual_Control_F3/build/sick_safetyscanners2
[27.175s] -- Install configuration: ""
[27.176s] -- Installing: /home/nrc/Manual_Control_F3/install/sick_safetyscanners2/share/sick_safetyscanners2//launch
[27.176s] -- Installing: /home/nrc/Manual_Control_F3/install/sick_safetyscanners2/share/sick_safetyscanners2//launch/sick_safetyscanners2_launch.py
[27.176s] -- Installing: /home/nrc/Manual_Control_F3/install/sick_safetyscanners2/share/sick_safetyscanners2//launch/view_nanoscan3.launch.xml
[27.176s] -- Installing: /home/nrc/Manual_Control_F3/install/sick_safetyscanners2/share/sick_safetyscanners2//launch/view_nanoscan3.launch.py
[27.176s] -- Installing: /home/nrc/Manual_Control_F3/install/sick_safetyscanners2/share/sick_safetyscanners2//launch/sick_safetyscanners2_lifecycle_launch.py
[27.176s] -- Installing: /home/nrc/Manual_Control_F3/install/sick_safetyscanners2/share/sick_safetyscanners2//description
[27.176s] -- Installing: /home/nrc/Manual_Control_F3/install/sick_safetyscanners2/share/sick_safetyscanners2//description/meshes
[27.176s] -- Installing: /home/nrc/Manual_Control_F3/install/sick_safetyscanners2/share/sick_safetyscanners2//description/meshes/NANS3.dae
[27.176s] -- Installing: /home/nrc/Manual_Control_F3/install/sick_safetyscanners2/share/sick_safetyscanners2//description/meshes/MountingKit_2a.dae
[27.176s] -- Installing: /home/nrc/Manual_Control_F3/install/sick_safetyscanners2/share/sick_safetyscanners2//description/meshes/NANS3_collision.stl
[27.176s] -- Installing: /home/nrc/Manual_Control_F3/install/sick_safetyscanners2/share/sick_safetyscanners2//description/meshes/MountingKit_2a_collision.stl
[27.176s] -- Installing: /home/nrc/Manual_Control_F3/install/sick_safetyscanners2/share/sick_safetyscanners2//description/test
[27.176s] -- Installing: /home/nrc/Manual_Control_F3/install/sick_safetyscanners2/share/sick_safetyscanners2//description/test/nanoscan3_test_urdf_xacro.py
[27.176s] -- Installing: /home/nrc/Manual_Control_F3/install/sick_safetyscanners2/share/sick_safetyscanners2//description/urdf
[27.176s] -- Installing: /home/nrc/Manual_Control_F3/install/sick_safetyscanners2/share/sick_safetyscanners2//description/urdf/nanoscan3.urdf.xacro
[27.176s] -- Installing: /home/nrc/Manual_Control_F3/install/sick_safetyscanners2/share/sick_safetyscanners2//description/urdf/nanoscan3
[27.177s] -- Installing: /home/nrc/Manual_Control_F3/install/sick_safetyscanners2/share/sick_safetyscanners2//description/urdf/nanoscan3/gazebo_macro.xacro
[27.177s] -- Installing: /home/nrc/Manual_Control_F3/install/sick_safetyscanners2/share/sick_safetyscanners2//description/urdf/nanoscan3/nanoscan3_macro.xacro
[27.177s] -- Installing: /home/nrc/Manual_Control_F3/install/sick_safetyscanners2/share/sick_safetyscanners2//description/urdf/common.xacro
[27.177s] -- Installing: /home/nrc/Manual_Control_F3/install/sick_safetyscanners2/share/sick_safetyscanners2//rviz
[27.177s] -- Installing: /home/nrc/Manual_Control_F3/install/sick_safetyscanners2/share/sick_safetyscanners2//rviz/nanoscan3.rviz
[27.180s] -- Installing: /home/nrc/Manual_Control_F3/install/sick_safetyscanners2/lib/libsick_safetyscanners2.so
[27.181s] -- Set runtime path of "/home/nrc/Manual_Control_F3/install/sick_safetyscanners2/lib/libsick_safetyscanners2.so" to ""
[27.182s] -- Installing: /home/nrc/Manual_Control_F3/install/sick_safetyscanners2/lib/libsick_safetyscanners2_lifecycle.so
[27.186s] -- Set runtime path of "/home/nrc/Manual_Control_F3/install/sick_safetyscanners2/lib/libsick_safetyscanners2_lifecycle.so" to ""
[27.186s] -- Installing: /home/nrc/Manual_Control_F3/install/sick_safetyscanners2/lib/sick_safetyscanners2/sick_safetyscanners2_node
[27.187s] -- Set runtime path of "/home/nrc/Manual_Control_F3/install/sick_safetyscanners2/lib/sick_safetyscanners2/sick_safetyscanners2_node" to ""
[27.187s] -- Installing: /home/nrc/Manual_Control_F3/install/sick_safetyscanners2/lib/sick_safetyscanners2/sick_safetyscanners2_lifecycle_node
[27.187s] -- Set runtime path of "/home/nrc/Manual_Control_F3/install/sick_safetyscanners2/lib/sick_safetyscanners2/sick_safetyscanners2_lifecycle_node" to ""
[27.187s] -- Installing: /home/nrc/Manual_Control_F3/install/sick_safetyscanners2/include
[27.187s] -- Installing: /home/nrc/Manual_Control_F3/install/sick_safetyscanners2/include/sick_safetyscanners2
[27.187s] -- Installing: /home/nrc/Manual_Control_F3/install/sick_safetyscanners2/include/sick_safetyscanners2/utils
[27.188s] -- Installing: /home/nrc/Manual_Control_F3/install/sick_safetyscanners2/include/sick_safetyscanners2/utils/Conversions.h
[27.188s] -- Installing: /home/nrc/Manual_Control_F3/install/sick_safetyscanners2/include/sick_safetyscanners2/utils/MessageCreator.h
[27.188s] -- Installing: /home/nrc/Manual_Control_F3/install/sick_safetyscanners2/include/sick_safetyscanners2/SickSafetyscanners.hpp
[27.188s] -- Installing: /home/nrc/Manual_Control_F3/install/sick_safetyscanners2/include/sick_safetyscanners2/SickSafetyscannersRos2.h
[27.188s] -- Installing: /home/nrc/Manual_Control_F3/install/sick_safetyscanners2/include/sick_safetyscanners2/SickSafetyscannersLifeCycle.hpp
[27.188s] -- Installing: /home/nrc/Manual_Control_F3/install/sick_safetyscanners2/share/sick_safetyscanners2/environment/library_path.sh
[27.188s] -- Installing: /home/nrc/Manual_Control_F3/install/sick_safetyscanners2/share/sick_safetyscanners2/environment/library_path.dsv
[27.188s] -- Installing: /home/nrc/Manual_Control_F3/install/sick_safetyscanners2/share/ament_index/resource_index/package_run_dependencies/sick_safetyscanners2
[27.188s] -- Installing: /home/nrc/Manual_Control_F3/install/sick_safetyscanners2/share/ament_index/resource_index/parent_prefix_path/sick_safetyscanners2
[27.188s] -- Installing: /home/nrc/Manual_Control_F3/install/sick_safetyscanners2/share/sick_safetyscanners2/environment/ament_prefix_path.sh
[27.188s] -- Installing: /home/nrc/Manual_Control_F3/install/sick_safetyscanners2/share/sick_safetyscanners2/environment/ament_prefix_path.dsv
[27.188s] -- Installing: /home/nrc/Manual_Control_F3/install/sick_safetyscanners2/share/sick_safetyscanners2/environment/path.sh
[27.189s] -- Installing: /home/nrc/Manual_Control_F3/install/sick_safetyscanners2/share/sick_safetyscanners2/environment/path.dsv
[27.189s] -- Installing: /home/nrc/Manual_Control_F3/install/sick_safetyscanners2/share/sick_safetyscanners2/local_setup.bash
[27.189s] -- Installing: /home/nrc/Manual_Control_F3/install/sick_safetyscanners2/share/sick_safetyscanners2/local_setup.sh
[27.189s] -- Installing: /home/nrc/Manual_Control_F3/install/sick_safetyscanners2/share/sick_safetyscanners2/local_setup.zsh
[27.189s] -- Installing: /home/nrc/Manual_Control_F3/install/sick_safetyscanners2/share/sick_safetyscanners2/local_setup.dsv
[27.189s] -- Installing: /home/nrc/Manual_Control_F3/install/sick_safetyscanners2/share/sick_safetyscanners2/package.dsv
[27.190s] -- Installing: /home/nrc/Manual_Control_F3/install/sick_safetyscanners2/share/ament_index/resource_index/packages/sick_safetyscanners2
[27.190s] -- Installing: /home/nrc/Manual_Control_F3/install/sick_safetyscanners2/share/ament_index/resource_index/rclcpp_components/sick_safetyscanners2
[27.190s] -- Installing: /home/nrc/Manual_Control_F3/install/sick_safetyscanners2/share/sick_safetyscanners2/cmake/sick_safetyscanners2_targetExport.cmake
[27.190s] -- Installing: /home/nrc/Manual_Control_F3/install/sick_safetyscanners2/share/sick_safetyscanners2/cmake/sick_safetyscanners2_targetExport-noconfig.cmake
[27.190s] -- Installing: /home/nrc/Manual_Control_F3/install/sick_safetyscanners2/share/sick_safetyscanners2/cmake/ament_cmake_export_include_directories-extras.cmake
[27.190s] -- Installing: /home/nrc/Manual_Control_F3/install/sick_safetyscanners2/share/sick_safetyscanners2/cmake/ament_cmake_export_targets-extras.cmake
[27.190s] -- Installing: /home/nrc/Manual_Control_F3/install/sick_safetyscanners2/share/sick_safetyscanners2/cmake/ament_cmake_export_libraries-extras.cmake
[27.190s] -- Installing: /home/nrc/Manual_Control_F3/install/sick_safetyscanners2/share/sick_safetyscanners2/cmake/ament_cmake_export_dependencies-extras.cmake
[27.190s] -- Installing: /home/nrc/Manual_Control_F3/install/sick_safetyscanners2/share/sick_safetyscanners2/cmake/sick_safetyscanners2Config.cmake
[27.190s] -- Installing: /home/nrc/Manual_Control_F3/install/sick_safetyscanners2/share/sick_safetyscanners2/cmake/sick_safetyscanners2Config-version.cmake
[27.190s] -- Installing: /home/nrc/Manual_Control_F3/install/sick_safetyscanners2/share/sick_safetyscanners2/package.xml
[27.195s] Invoked command in '/home/nrc/Manual_Control_F3/build/sick_safetyscanners2' returned '0': AMENT_PREFIX_PATH=/home/nrc/Manual_Control_F3/install/sick_safetyscanners2_interfaces:${AMENT_PREFIX_PATH} CMAKE_PREFIX_PATH=/home/nrc/Manual_Control_F3/install/sick_safetyscanners2_interfaces:/opt/ros/humble LD_LIBRARY_PATH=/home/nrc/Manual_Control_F3/install/sick_safetyscanners2_interfaces/lib:${LD_LIBRARY_PATH} PYTHONPATH=/home/nrc/Manual_Control_F3/install/sick_safetyscanners2_interfaces/local/lib/python3.10/dist-packages:${PYTHONPATH} /usr/bin/cmake --install /home/nrc/Manual_Control_F3/build/sick_safetyscanners2
