[0.011s] Invoking command in '/home/nrc/Manual_Control_F3/build/pallet_rack_detector_cpp': CMAKE_PREFIX_PATH=/opt/ros/humble /usr/bin/cmake /home/nrc/Manual_Control_F3/src/pallet_rack_detector_cpp -DCMAKE_INSTALL_PREFIX=/home/nrc/Manual_Control_F3/install/pallet_rack_detector_cpp
[0.068s] -- The C compiler identification is GNU 11.4.0
[0.131s] -- The CXX compiler identification is GNU 11.4.0
[0.148s] -- Detecting C compiler ABI info
[0.223s] -- Detecting C compiler ABI info - done
[0.236s] -- Check for working C compiler: /usr/bin/cc - skipped
[0.237s] -- Detecting C compile features
[0.239s] -- Detecting C compile features - done
[0.240s] -- Detecting CXX compiler ABI info
[0.318s] -- Detecting CXX compiler ABI info - done
[0.326s] -- Check for working CXX compiler: /usr/bin/c++ - skipped
[0.326s] -- Detecting CXX compile features
[0.327s] -- Detecting CXX compile features - done
[0.328s] -- Found ament_cmake: 1.3.13 (/opt/ros/humble/share/ament_cmake/cmake)
[0.468s] -- Found Python3: /usr/bin/python3 (found version "3.10.12") found components: Interpreter 
[0.552s] -- Found rclcpp: 16.0.18 (/opt/ros/humble/share/rclcpp/cmake)
[0.597s] -- Found rosidl_generator_c: 3.1.8 (/opt/ros/humble/share/rosidl_generator_c/cmake)
[0.603s] -- Found rosidl_adapter: 3.1.8 (/opt/ros/humble/share/rosidl_adapter/cmake)
[0.621s] -- Found rosidl_generator_cpp: 3.1.8 (/opt/ros/humble/share/rosidl_generator_cpp/cmake)
[0.639s] -- Using all available rosidl_typesupport_c: rosidl_typesupport_fastrtps_c;rosidl_typesupport_introspection_c
[0.651s] -- Using all available rosidl_typesupport_cpp: rosidl_typesupport_fastrtps_cpp;rosidl_typesupport_introspection_cpp
[0.691s] -- Found rmw_implementation_cmake: 6.1.2 (/opt/ros/humble/share/rmw_implementation_cmake/cmake)
[0.694s] -- Found rmw_fastrtps_cpp: 6.2.10 (/opt/ros/humble/share/rmw_fastrtps_cpp/cmake)
[0.776s] -- Found OpenSSL: /usr/lib/x86_64-linux-gnu/libcrypto.so (found version "3.0.2")  
[0.798s] -- Found FastRTPS: /opt/ros/humble/include  
[0.834s] -- Using RMW implementation 'rmw_fastrtps_cpp' as default
[0.842s] -- Looking for pthread.h
[0.903s] -- Looking for pthread.h - found
[0.903s] -- Performing Test CMAKE_HAVE_LIBC_PTHREAD
[0.998s] -- Performing Test CMAKE_HAVE_LIBC_PTHREAD - Success
[0.999s] -- Found Threads: TRUE  
[1.052s] -- Found sensor_msgs: 4.9.1 (/opt/ros/humble/share/sensor_msgs/cmake)
[1.075s] -- Found visualization_msgs: 4.9.1 (/opt/ros/humble/share/visualization_msgs/cmake)
[1.162s] -- Configuring done
[1.174s] -- Generating done
[1.177s] -- Build files have been written to: /home/nrc/Manual_Control_F3/build/pallet_rack_detector_cpp
[1.188s] Invoked command in '/home/nrc/Manual_Control_F3/build/pallet_rack_detector_cpp' returned '0': CMAKE_PREFIX_PATH=/opt/ros/humble /usr/bin/cmake /home/nrc/Manual_Control_F3/src/pallet_rack_detector_cpp -DCMAKE_INSTALL_PREFIX=/home/nrc/Manual_Control_F3/install/pallet_rack_detector_cpp
[1.189s] Invoking command in '/home/nrc/Manual_Control_F3/build/pallet_rack_detector_cpp': CMAKE_PREFIX_PATH=/opt/ros/humble /usr/bin/cmake --build /home/nrc/Manual_Control_F3/build/pallet_rack_detector_cpp -- -j8 -l8
[1.247s] [ 50%] [32mBuilding CXX object CMakeFiles/pallet_rack_detector.dir/src/pallet_rack_detector.cpp.o[0m
[13.379s] [100%] [32m[1mLinking CXX executable pallet_rack_detector[0m
[14.083s] [100%] Built target pallet_rack_detector
[14.093s] Invoked command in '/home/nrc/Manual_Control_F3/build/pallet_rack_detector_cpp' returned '0': CMAKE_PREFIX_PATH=/opt/ros/humble /usr/bin/cmake --build /home/nrc/Manual_Control_F3/build/pallet_rack_detector_cpp -- -j8 -l8
[14.101s] Invoking command in '/home/nrc/Manual_Control_F3/build/pallet_rack_detector_cpp': CMAKE_PREFIX_PATH=/opt/ros/humble /usr/bin/cmake --install /home/nrc/Manual_Control_F3/build/pallet_rack_detector_cpp
[14.107s] -- Install configuration: ""
[14.107s] -- Installing: /home/nrc/Manual_Control_F3/install/pallet_rack_detector_cpp/lib/pallet_rack_detector_cpp/pallet_rack_detector
[14.110s] -- Set runtime path of "/home/nrc/Manual_Control_F3/install/pallet_rack_detector_cpp/lib/pallet_rack_detector_cpp/pallet_rack_detector" to ""
[14.110s] -- Installing: /home/nrc/Manual_Control_F3/install/pallet_rack_detector_cpp/share/pallet_rack_detector_cpp/launch
[14.110s] -- Installing: /home/nrc/Manual_Control_F3/install/pallet_rack_detector_cpp/share/pallet_rack_detector_cpp/launch/detect_with_rviz.launch.py
[14.110s] -- Installing: /home/nrc/Manual_Control_F3/install/pallet_rack_detector_cpp/share/pallet_rack_detector_cpp/rviz
[14.110s] -- Installing: /home/nrc/Manual_Control_F3/install/pallet_rack_detector_cpp/share/pallet_rack_detector_cpp/rviz/detect.rviz
[14.110s] -- Installing: /home/nrc/Manual_Control_F3/install/pallet_rack_detector_cpp/share/ament_index/resource_index/package_run_dependencies/pallet_rack_detector_cpp
[14.110s] -- Installing: /home/nrc/Manual_Control_F3/install/pallet_rack_detector_cpp/share/ament_index/resource_index/parent_prefix_path/pallet_rack_detector_cpp
[14.111s] -- Installing: /home/nrc/Manual_Control_F3/install/pallet_rack_detector_cpp/share/pallet_rack_detector_cpp/environment/ament_prefix_path.sh
[14.111s] -- Installing: /home/nrc/Manual_Control_F3/install/pallet_rack_detector_cpp/share/pallet_rack_detector_cpp/environment/ament_prefix_path.dsv
[14.111s] -- Installing: /home/nrc/Manual_Control_F3/install/pallet_rack_detector_cpp/share/pallet_rack_detector_cpp/environment/path.sh
[14.111s] -- Installing: /home/nrc/Manual_Control_F3/install/pallet_rack_detector_cpp/share/pallet_rack_detector_cpp/environment/path.dsv
[14.111s] -- Installing: /home/nrc/Manual_Control_F3/install/pallet_rack_detector_cpp/share/pallet_rack_detector_cpp/local_setup.bash
[14.112s] -- Installing: /home/nrc/Manual_Control_F3/install/pallet_rack_detector_cpp/share/pallet_rack_detector_cpp/local_setup.sh
[14.112s] -- Installing: /home/nrc/Manual_Control_F3/install/pallet_rack_detector_cpp/share/pallet_rack_detector_cpp/local_setup.zsh
[14.112s] -- Installing: /home/nrc/Manual_Control_F3/install/pallet_rack_detector_cpp/share/pallet_rack_detector_cpp/local_setup.dsv
[14.112s] -- Installing: /home/nrc/Manual_Control_F3/install/pallet_rack_detector_cpp/share/pallet_rack_detector_cpp/package.dsv
[14.113s] -- Installing: /home/nrc/Manual_Control_F3/install/pallet_rack_detector_cpp/share/ament_index/resource_index/packages/pallet_rack_detector_cpp
[14.113s] -- Installing: /home/nrc/Manual_Control_F3/install/pallet_rack_detector_cpp/share/pallet_rack_detector_cpp/cmake/pallet_rack_detector_cppConfig.cmake
[14.113s] -- Installing: /home/nrc/Manual_Control_F3/install/pallet_rack_detector_cpp/share/pallet_rack_detector_cpp/cmake/pallet_rack_detector_cppConfig-version.cmake
[14.113s] -- Installing: /home/nrc/Manual_Control_F3/install/pallet_rack_detector_cpp/share/pallet_rack_detector_cpp/package.xml
[14.114s] Invoked command in '/home/nrc/Manual_Control_F3/build/pallet_rack_detector_cpp' returned '0': CMAKE_PREFIX_PATH=/opt/ros/humble /usr/bin/cmake --install /home/nrc/Manual_Control_F3/build/pallet_rack_detector_cpp
